   |
11 |     PermissionError, PermissionState, PermissionStatus, RequestOptions, RequestResult,
   |                                       ^^^^^^^^^^^^^^^^
   |
   = note: `#[warn(unused_imports)]` (part of `#[warn(unused)]`) on by default

warning: unused variable: `key_path`
   --> crates/system-permissions/src/windows/mod.rs:453:9
    |
453 |     let key_path = format!(
    |         ^^^^^^^^ help: if this is intentional, prefix it with an underscore: `_key_path`
    |
    = note: `#[warn(unused_variables)]` (part of `#[warn(unused)]`) on by default

warning: method `check_file_system` is never used
   --> crates/system-permissions/src/macos/mod.rs:163:14
    |
 15 | impl MacOSPermissionManager {
    | --------------------------- method in this implementation
...
163 |     async fn check_file_system(&self, permission: SystemPermission) -> PermissionState {
    |              ^^^^^^^^^^^^^^^^^
    |
    = note: `#[warn(dead_code)]` (part of `#[warn(unused)]`) on by default

warning: function `get_process_elevated` is never used
   --> crates/system-permissions/src/windows/mod.rs:533:4
    |
533 | fn get_process_elevated() -> bool {
    |    ^^^^^^^^^^^^^^^^^^^^

warning: type alias `PermissionManagerRef` is never used
  --> crates/system-permissions/src/permissions_trait.rs:73:10
   |
73 | pub type PermissionManagerRef = Arc<dyn PermissionManager>;
   |          ^^^^^^^^^^^^^^^^^^^^

warning: type alias `PermissionMonitorRef` is never used
  --> crates/system-permissions/src/permissions_trait.rs:74:10
   |
74 | pub type PermissionMonitorRef = Arc<dyn PermissionMonitor>;
   |          ^^^^^^^^^^^^^^^^^^^^

warning: `system-permissions` (lib) generated 6 warnings (run `cargo fix --lib -p system-permissions` to apply 2 suggestions)
   Compiling pingora-cache v0.7.0
   Compiling tonic v0.13.1
   Compiling tonic-prost-build v0.14.3
   Compiling shared_types v0.1.0 (https://github.com/nuwax-ai/rcoder.git?branch=nuwax-client#e1a79dde)
   Compiling opentelemetry-proto v0.30.0
   Compiling pingora-proxy v0.7.0
   Compiling opentelemetry-otlp v0.30.0
   Compiling rcoder-telemetry v0.1.0 (https://github.com/nuwax-ai/rcoder.git?branch=nuwax-client#e1a79dde)
   Compiling agent_config v0.1.0 (https://github.com/nuwax-ai/rcoder.git?branch=nuwax-client#e1a79dde)
   Compiling pingora v0.7.0
   Compiling rcoder-proxy v0.1.0 (https://github.com/nuwax-ai/rcoder.git?branch=nuwax-client#e1a79dde)
   Compiling agent_abstraction v0.1.0 (https://github.com/nuwax-ai/rcoder.git?branch=nuwax-client#e1a79dde)
   Compiling agent_runner v0.1.0 (https://github.com/nuwax-ai/rcoder.git?branch=nuwax-client#e1a79dde)
   Compiling nuwax-agent-core v0.1.0 (/Volumes/soddygo/git_work/nuwax-agent/crates/nuwax-agent-core)
warning: unused import: `std::path::PathBuf`
 --> crates/nuwax-agent-core/src/connection/business_handler.rs:6:5
  |
6 | use std::path::PathBuf;
  |     ^^^^^^^^^^^^^^^^^^
  |
  = note: `#[warn(unused_imports)]` (part of `#[warn(unused)]`) on by default

warning: unused import: `error`
  --> crates/nuwax-agent-core/src/connection/business_handler.rs:10:22
   |
10 | use tracing::{debug, error, info, warn};
   |                      ^^^^^

warning: unused imports: `TaskProgress` and `TaskResult`
  --> crates/nuwax-agent-core/src/connection/business_handler.rs:13:45
   |
13 | use crate::agent::{AgentManager, AgentTask, TaskProgress, TaskResult};
   |                                             ^^^^^^^^^^^^  ^^^^^^^^^^

warning: unused import: `Mutex`
  --> crates/nuwax-agent-core/src/connection/peer.rs:10:22
   |
10 | use std::sync::{Arc, Mutex, RwLock};
   |                      ^^^^^

warning: unused imports: `debug`, `error`, and `warn`
  --> crates/nuwax-agent-core/src/connection/peer.rs:12:15
   |
12 | use tracing::{debug, error, info, warn};
   |               ^^^^^  ^^^^^        ^^^^

warning: variant `BUSINESS_UNKNOWN` should have an upper camel case name
  --> crates/nuwax-agent-core/src/business_channel/mod.rs:20:5
   |
20 |     BUSINESS_UNKNOWN = 0,
   |     ^^^^^^^^^^^^^^^^ help: convert the identifier to upper camel case: `BusinessUnknown`
   |
   = note: `#[warn(non_camel_case_types)]` (part of `#[warn(nonstandard_style)]`) on by default

warning: variant `AGENT_TASK_REQUEST` should have an upper camel case name
  --> crates/nuwax-agent-core/src/business_channel/mod.rs:22:5
   |
22 |     AGENT_TASK_REQUEST = 1,
   |     ^^^^^^^^^^^^^^^^^^ help: convert the identifier to upper camel case: `AgentTaskRequest`

warning: variant `AGENT_TASK_RESPONSE` should have an upper camel case name
  --> crates/nuwax-agent-core/src/business_channel/mod.rs:24:5
   |
24 |     AGENT_TASK_RESPONSE = 2,
   |     ^^^^^^^^^^^^^^^^^^^ help: convert the identifier to upper camel case: `AgentTaskResponse`

warning: variant `TASK_PROGRESS` should have an upper camel case name
  --> crates/nuwax-agent-core/src/business_channel/mod.rs:26:5
   |
26 |     TASK_PROGRESS = 3,
   |     ^^^^^^^^^^^^^ help: convert the identifier to upper camel case: `TaskProgress`

warning: variant `TASK_CANCEL` should have an upper camel case name
  --> crates/nuwax-agent-core/src/business_channel/mod.rs:28:5
   |
28 |     TASK_CANCEL = 4,
   |     ^^^^^^^^^^^ help: convert the identifier to upper camel case: `TaskCancel`

warning: variant `FILE_TRANSFER_REQUEST` should have an upper camel case name
  --> crates/nuwax-agent-core/src/business_channel/mod.rs:30:5
   |
30 |     FILE_TRANSFER_REQUEST = 100,
   |     ^^^^^^^^^^^^^^^^^^^^^ help: convert the identifier to upper camel case: `FileTransferRequest`

warning: variant `FILE_TRANSFER_RESPONSE` should have an upper camel case name
  --> crates/nuwax-agent-core/src/business_channel/mod.rs:32:5
   |
32 |     FILE_TRANSFER_RESPONSE = 101,
   |     ^^^^^^^^^^^^^^^^^^^^^^ help: convert the identifier to upper camel case: `FileTransferResponse`

warning: variant `FILE_BLOCK` should have an upper camel case name
  --> crates/nuwax-agent-core/src/business_channel/mod.rs:34:5
   |
34 |     FILE_BLOCK = 102,
   |     ^^^^^^^^^^ help: convert the identifier to upper camel case: `FileBlock`

warning: variant `FILE_TRANSFER_CANCEL` should have an upper camel case name
  --> crates/nuwax-agent-core/src/business_channel/mod.rs:36:5
   |
36 |     FILE_TRANSFER_CANCEL = 103,
   |     ^^^^^^^^^^^^^^^^^^^^ help: convert the identifier to upper camel case: `FileTransferCancel`

warning: variant `FILE_TRANSFER_DONE` should have an upper camel case name
  --> crates/nuwax-agent-core/src/business_channel/mod.rs:38:5
   |
38 |     FILE_TRANSFER_DONE = 104,
   |     ^^^^^^^^^^^^^^^^^^ help: convert the identifier to upper camel case: `FileTransferDone`

warning: variant `FILE_TRANSFER_ERROR` should have an upper camel case name
  --> crates/nuwax-agent-core/src/business_channel/mod.rs:40:5
   |
40 |     FILE_TRANSFER_ERROR = 105,
   |     ^^^^^^^^^^^^^^^^^^^ help: convert the identifier to upper camel case: `FileTransferError`

warning: variant `SYSTEM_NOTIFY` should have an upper camel case name
  --> crates/nuwax-agent-core/src/business_channel/mod.rs:44:5
   |
44 |     SYSTEM_NOTIFY = 20,
   |     ^^^^^^^^^^^^^ help: convert the identifier to upper camel case: `SystemNotify`

warning: variant `BUSINESS_CUSTOM` should have an upper camel case name
  --> crates/nuwax-agent-core/src/business_channel/mod.rs:46:5
   |
46 |     BUSINESS_CUSTOM = 99,
   |     ^^^^^^^^^^^^^^^ help: convert the identifier to upper camel case: `BusinessCustom`

warning: unused import: `info`
 --> crates/nuwax-agent-core/src/dependency/python.rs:9:22
  |
9 | use tracing::{debug, info, warn};
  |                      ^^^^

warning: unused import: `warn`
 --> crates/nuwax-agent-core/src/dependency/docker.rs:8:28
  |
8 | use tracing::{debug, info, warn};
  |                            ^^^^

warning: unused imports: `debug` and `info`
 --> crates/nuwax-agent-core/src/dependency/cli_tools.rs:8:15
  |
8 | use tracing::{debug, info};
  |               ^^^^^  ^^^^

warning: unused import: `super::super::permissions::PermissionError`
  --> crates/nuwax-agent-core/src/viewmodels/permissions.rs:12:5
   |
12 | use super::super::permissions::PermissionError;
   |     ^^^^^^^^^^^^^^^^^^^^^^^^^^^^^^^^^^^^^^^^^^

warning: unused import: `async_trait::async_trait`
 --> crates/nuwax-agent-core/src/admin_client.rs:5:5
  |
5 | use async_trait::async_trait;
  |     ^^^^^^^^^^^^^^^^^^^^^^^^

warning: unused import: `std::sync::Arc`
 --> crates/nuwax-agent-core/src/admin_client.rs:7:5
  |
7 | use std::sync::Arc;
  |     ^^^^^^^^^^^^^^

warning: unused import: `error`
 --> crates/nuwax-agent-core/src/admin_client.rs:9:22
  |
9 | use tracing::{debug, error, info};
  |                      ^^^^^

warning: unused import: `HttpResponse`
  --> crates/nuwax-agent-core/src/admin_client.rs:11:38
   |
11 | use super::http_client::{HttpClient, HttpResponse};
   |                                      ^^^^^^^^^^^^

warning: use of deprecated function `rand::thread_rng`: Renamed to `rng`
  --> crates/nuwax-agent-core/src/crypto.rs:61:15
   |
61 |         rand::thread_rng().fill(&mut nonce_bytes);
   |               ^^^^^^^^^^
   |
   = note: `#[warn(deprecated)]` on by default

warning: use of deprecated function `rand::thread_rng`: Renamed to `rng`
   --> crates/nuwax-agent-core/src/password.rs:182:29
    |
182 |         let mut rng = rand::thread_rng();
    |                             ^^^^^^^^^^

warning: use of deprecated function `rand::thread_rng`: Renamed to `rng`
  --> crates/nuwax-agent-core/src/connection/reconnect.rs:96:33
   |
96 |             let mut rng = rand::thread_rng();
   |                                 ^^^^^^^^^^

warning: use of deprecated method `rand::Rng::gen_range`: Renamed to `random_range`
  --> crates/nuwax-agent-core/src/connection/reconnect.rs:99:21
   |
99 |                 rng.gen_range(0..jitter_range)
   |                     ^^^^^^^^^

warning: use of deprecated method `rand::Rng::gen_range`: Renamed to `random_range`
   --> crates/nuwax-agent-core/src/password.rs:186:31
    |
186 |                 let idx = rng.gen_range(0..CHARSET.len());
    |                               ^^^^^^^^^

warning: associated items `create_message`, `create_response`, `message_type_to_business_type`, and `business_type_to_message_type` are never used
   --> crates/nuwax-agent-core/src/connection/business_handler.rs:386:8
    |
 53 | impl BusinessMessageHandler {
    | --------------------------- associated items in this implementation
...
386 |     fn create_message(
    |        ^^^^^^^^^^^^^^
...
403 |     async fn create_response(
    |              ^^^^^^^^^^^^^^^
...
422 |     fn message_type_to_business_type(msg_type: MessageType) -> BusinessMessageType {
    |        ^^^^^^^^^^^^^^^^^^^^^^^^^^^^^
...
441 |     fn business_type_to_message_type(biz_type: BusinessMessageType) -> MessageType {
    |        ^^^^^^^^^^^^^^^^^^^^^^^^^^^^^
    |
    = note: `#[warn(dead_code)]` (part of `#[warn(unused)]`) on by default

warning: field `last_active` is never read
  --> crates/nuwax-agent-core/src/viewmodels/agent_status.rs:20:5
   |
14 | pub struct AgentStatusViewModel {
   |            -------------------- field in this struct
...
20 |     last_active: Arc<RwLock<Option<chrono::DateTime<chrono::Utc>>>>,
   |     ^^^^^^^^^^^
   |
   = note: `AgentStatusViewModel` has a derived impl for the trait `Clone`, but this is intentionally ignored during dead code analysis

warning: associated function `map_to_display_name` is never used
   --> crates/nuwax-agent-core/src/viewmodels/dependency.rs:242:8
    |
226 | impl UIDependencyItem {
    | --------------------- associated function in this implementation
...
242 |     fn map_to_display_name(core_name: &str) -> &str {
    |        ^^^^^^^^^^^^^^^^^^^

warning: field `pending_messages` is never read
   --> crates/nuwax-agent-core/src/admin_client.rs:116:5
    |
108 | pub struct AdminClient<C: HttpClient> {
    |            ----------- field in this struct
...
116 |     pending_messages: Vec<PendingMessage>,
    |     ^^^^^^^^^^^^^^^^

warning: `nuwax-agent-core` (lib) generated 35 warnings (run `cargo fix --lib -p nuwax-agent-core` to apply 13 suggestions)
   Compiling agent-tauri-client v0.1.0 (/Volumes/soddygo/git_work/nuwax-agent/crates/agent-tauri-client/src-tauri)
warning: unused import: `AppHandle`
  --> crates/agent-tauri-client/src-tauri/src/lib.rs:13:5
   |
13 |     AppHandle, Emitter, Manager, State, Window,
   |     ^^^^^^^^^
   |
   = note: `#[warn(unused_imports)]` (part of `#[warn(unused)]`) on by default

warning: unused import: `tauri_plugin_shell::ShellExt`
  --> crates/agent-tauri-client/src-tauri/src/lib.rs:15:5
   |
15 | use tauri_plugin_shell::ShellExt;
   |     ^^^^^^^^^^^^^^^^^^^^^^^^^^^^

warning: unexpected `cfg` condition value: `cli-plugin`
    --> crates/agent-tauri-client/src-tauri/src/lib.rs:2406:19
     |
2406 |             #[cfg(feature = "cli-plugin")]
     |                   ^^^^^^^^^^^^^^^^^^^^^^ help: remove the condition
     |
     = note: no expected values for `feature`
     = help: consider adding `cli-plugin` as a feature in `Cargo.toml`
     = note: see <https://doc.rust-lang.org/nightly/rustc/check-cfg/cargo-specifics.html> for more information about checking conditional configuration
     = note: `#[warn(unexpected_cfgs)]` on by default

warning: unexpected `cfg` condition value: `cli-plugin`
    --> crates/agent-tauri-client/src-tauri/src/lib.rs:2451:23
     |
2451 |             #[cfg(not(feature = "cli-plugin"))]
     |                       ^^^^^^^^^^^^^^^^^^^^^^ help: remove the condition
     |
     = note: no expected values for `feature`
     = help: consider adding `cli-plugin` as a feature in `Cargo.toml`
     = note: see <https://doc.rust-lang.org/nightly/rustc/check-cfg/cargo-specifics.html> for more information about checking conditional configuration

warning: unused variable: `app`
    --> crates/agent-tauri-client/src-tauri/src/lib.rs:2241:29
     |
2241 | async fn open_log_directory(app: tauri::AppHandle) -> Result<bool, String> {
     |                             ^^^ help: if this is intentional, prefix it with an underscore: `_app`
     |
     = note: `#[warn(unused_variables)]` (part of `#[warn(unused)]`) on by default

warning: constant `VALID_TABS` is never used
    --> crates/agent-tauri-client/src-tauri/src/lib.rs:2370:11
     |
2370 |     const VALID_TABS: &[&str] = &[
     |           ^^^^^^^^^^
     |
     = note: `#[warn(dead_code)]` (part of `#[warn(unused)]`) on by default

warning: `agent-tauri-client` (lib) generated 6 warnings (run `cargo fix --lib -p agent-tauri-client` to apply 3 suggestions)
    Finished `dev` profile [unoptimized + debuginfo] target(s) in 38.82s
     Running `/Volumes/soddygo/git_work/nuwax-agent/target/debug/agent-tauri-client`
2026-02-06T14:10:56.749774Z  INFO ThreadId(01) agent_tauri_client_lib: crates/agent-tauri-client/src-tauri/src/lib.rs:2201: [Tray] 系统托盘已创建
2026-02-06T14:10:56.750326Z  INFO ThreadId(01) agent_tauri_client_lib: crates/agent-tauri-client/src-tauri/src/lib.rs:2399: [Setup] 开始解析 CLI 参数...
2026-02-06T14:10:56.750338Z  INFO ThreadId(01) agent_tauri_client_lib: crates/agent-tauri-client/src-tauri/src/lib.rs:2453: [Setup] CLI 插件未启用，命令行参数功能受限
[SystemPermissions] AXIsProcessTrusted returned: false
[SystemPermissions] CGPreflightScreenCaptureAccess returned: false
2026-02-06T14:10:58.331004Z  INFO ThreadId(04) agent_tauri_client_lib: crates/agent-tauri-client/src-tauri/src/lib.rs:1109: [Services] ========== 开始重启所有服务 ==========
2026-02-06T14:10:58.331062Z  INFO ThreadId(04) agent_tauri_client_lib: crates/agent-tauri-client/src-tauri/src/lib.rs:1112: [Services] 1/4 停止所有服务...
2026-02-06T14:10:58.331108Z  INFO ThreadId(04) nuwax_agent_core::service: crates/nuwax-agent-core/src/service/mod.rs:1040: [Services] ========== 停止所有服务 ==========
2026-02-06T14:10:58.331126Z  INFO ThreadId(04) nuwax_agent_core::service: crates/nuwax-agent-core/src/service/mod.rs:1042: [Services] 1/3 停止 Agent 服务 (rcoder)...
2026-02-06T14:10:58.331148Z  INFO ThreadId(04) nuwax_agent_core::service: crates/nuwax-agent-core/src/service/mod.rs:1012: Stopping HTTP Server (rcoder)...
2026-02-06T14:10:58.331161Z  WARN ThreadId(04) nuwax_agent_core::service: crates/nuwax-agent-core/src/service/mod.rs:1021: HTTP Server (rcoder) is not running
2026-02-06T14:10:58.331170Z  INFO ThreadId(04) nuwax_agent_core::service: crates/nuwax-agent-core/src/service/mod.rs:1046: [Services]   - Agent 服务已停止
2026-02-06T14:10:58.331221Z  INFO ThreadId(04) nuwax_agent_core::service: crates/nuwax-agent-core/src/service/mod.rs:1049: [Services] 2/3 停止文件服务 (nuwax-file-server)...
2026-02-06T14:10:58.331236Z  INFO ThreadId(04) nuwax_agent_core::service: crates/nuwax-agent-core/src/service/mod.rs:619: Stopping nuwax-file-server...
2026-02-06T14:10:58.331436Z  WARN ThreadId(04) nuwax_agent_core::service: crates/nuwax-agent-core/src/service/mod.rs:651: nuwax-file-server is not running
2026-02-06T14:10:58.331457Z  INFO ThreadId(04) nuwax_agent_core::service: crates/nuwax-agent-core/src/service/mod.rs:1053: [Services]   - 文件服务已停止
2026-02-06T14:10:58.331466Z  INFO ThreadId(04) nuwax_agent_core::service: crates/nuwax-agent-core/src/service/mod.rs:1056: [Services] 3/3 停止代理服务 (nuwax-lanproxy)...
2026-02-06T14:10:58.331475Z  INFO ThreadId(04) nuwax_agent_core::service: crates/nuwax-agent-core/src/service/mod.rs:831: Stopping nuwax-lanproxy...
2026-02-06T14:10:58.331484Z  WARN ThreadId(04) nuwax_agent_core::service: crates/nuwax-agent-core/src/service/mod.rs:865: nuwax-lanproxy is not running
2026-02-06T14:10:58.331492Z  INFO ThreadId(04) nuwax_agent_core::service: crates/nuwax-agent-core/src/service/mod.rs:1060: [Services]   - 代理服务已停止
2026-02-06T14:10:58.331499Z  INFO ThreadId(04) nuwax_agent_core::service: crates/nuwax-agent-core/src/service/mod.rs:1063: [Services] ========== 所有服务停止完成 ==========
2026-02-06T14:10:58.331532Z  INFO ThreadId(04) agent_tauri_client_lib: crates/agent-tauri-client/src-tauri/src/lib.rs:1117: [Services] 所有服务已停止
2026-02-06T14:10:58.833240Z  INFO ThreadId(07) agent_tauri_client_lib: crates/agent-tauri-client/src-tauri/src/lib.rs:1121: [Services] 等待端口释放完成
2026-02-06T14:10:58.833297Z  INFO ThreadId(07) agent_tauri_client_lib: crates/agent-tauri-client/src-tauri/src/lib.rs:1125: [Services] 2/4 启动 Agent 服务 (rcoder)...
2026-02-06T14:10:58.833361Z  INFO ThreadId(07) agent_tauri_client_lib: crates/agent-tauri-client/src-tauri/src/lib.rs:1129: [Services]   - 找到 agent_port: 9086
2026-02-06T14:10:58.833413Z  INFO ThreadId(07) agent_tauri_client_lib: crates/agent-tauri-client/src-tauri/src/lib.rs:1147: [Services]   - 找到 workspace_dir: /Volumes/soddygo/nuwax-agent-test
2026-02-06T14:10:58.833429Z  INFO ThreadId(07) agent_tauri_client_lib: crates/agent-tauri-client/src-tauri/src/lib.rs:1178: [Services]   - 创建 RcoderAgentRunner 配置: RcoderAgentRunnerConfig { projects_dir: "/Volumes/soddygo/nuwax-agent-test", api_key: None, api_base_url: "https://api.anthropic.com", default_model: "claude-sonnet-4-20250514", proxy_port: 8088 }
2026-02-06T14:10:58.837235Z  INFO ThreadId(07) nuwax_agent_core::agent_runner::rcoder_impl: crates/nuwax-agent-core/src/agent_runner/rcoder_impl.rs:123: [RcoderAgentRunner] 🚀 启动 Pingora 代理服务，监听端口: 8088
2026-02-06T14:10:58.838410Z  INFO ThreadId(07) nuwax_agent_core::agent_runner::rcoder_impl: crates/nuwax-agent-core/src/agent_runner/rcoder_impl.rs:146: [RcoderAgentRunner] ✅ Pingora 代理服务配置完成，已注入 API 密钥管理器
2026-02-06T14:10:58.838533Z  INFO ThreadId(07) nuwax_agent_core::service: crates/nuwax-agent-core/src/service/mod.rs:976: Starting HTTP Server (rcoder) on port 9086...
2026-02-06T14:10:58.839077Z  INFO ThreadId(07) nuwax_agent_core::http_server: crates/nuwax-agent-core/src/http_server/mod.rs:69: HTTP server listening on 0.0.0.0:9086
2026-02-06T14:10:58.839106Z  INFO ThreadId(04) nuwax_agent_core::agent_runner::rcoder_impl: crates/nuwax-agent-core/src/agent_runner/rcoder_impl.rs:150: [RcoderAgentRunner] 📍 正在启动 Pingora 代理服务器...
2026-02-06T14:10:58.839232Z  INFO ThreadId(15) agent_runner::agent_runtime: /Users/soddy/.cargo/git/checkouts/rcoder-a88f60206d08025a/e1a79dd/crates/agent_runner/src/agent_runtime.rs:187: AgentRuntime: Worker 已启动
2026-02-06T14:10:58.839744Z  INFO ThreadId(04) rcoder_proxy::pingora_server: /Users/soddy/.cargo/git/checkouts/rcoder-a88f60206d08025a/e1a79dd/crates/rcoder-proxy/src/pingora_server.rs:80: 🚀 启动 Pingora 反向代理服务器...
2026-02-06T14:10:58.839826Z  INFO ThreadId(04) rcoder_proxy::pingora_server: /Users/soddy/.cargo/git/checkouts/rcoder-a88f60206d08025a/e1a79dd/crates/rcoder-proxy/src/pingora_server.rs:81: 📡 监听地址: 0.0.0.0:8088
2026-02-06T14:10:58.839850Z  INFO ThreadId(04) rcoder_proxy::pingora_server: /Users/soddy/.cargo/git/checkouts/rcoder-a88f60206d08025a/e1a79dd/crates/rcoder-proxy/src/pingora_server.rs:82: 🔄 路由规则: /proxy/{port}{/path}
2026-02-06T14:10:58.839999Z  INFO ThreadId(15) agent_runner::proxy_agent::acp_agent: /Users/soddy/.cargo/git/checkouts/rcoder-a88f60206d08025a/e1a79dd/crates/agent_runner/src/proxy_agent/acp_agent.rs:274: 🚀 agent_worker 启动（SACP 版本，带心跳支持），开始监听请求...
2026-02-06T14:10:58.841395Z  INFO ThreadId(15) agent_runner::proxy_agent::acp_agent: /Users/soddy/.cargo/git/checkouts/rcoder-a88f60206d08025a/e1a79dd/crates/agent_runner/src/proxy_agent/acp_agent.rs:294: ✅ [Worker] SACP Worker 初始化完成，状态设置为 Running
2026-02-06T14:10:58.844136Z  INFO ThreadId(04) pingora_core::server: /Users/soddy/.cargo/registry/src/index.crates.io-1949cf8c6b5b557f/pingora-core-0.7.0/src/server/mod.rs:431: Bootstrap starting
2026-02-06T14:10:58.844474Z  INFO ThreadId(04) pingora_core::server: /Users/soddy/.cargo/registry/src/index.crates.io-1949cf8c6b5b557f/pingora-core-0.7.0/src/server/mod.rs:451: Bootstrap done
2026-02-06T14:10:58.844291Z  INFO ThreadId(15) agent_runner::proxy_agent::acp_agent: /Users/soddy/.cargo/git/checkouts/rcoder-a88f60206d08025a/e1a79dd/crates/agent_runner/src/proxy_agent/acp_agent.rs:310: 💓 [Worker] 心跳 - 当前活跃: 0/10, 可用: 10, 时间: 2026-02-06 14:10:58
2026-02-06T14:10:58.940919Z  INFO ThreadId(15) nuwax_agent_core::service: crates/nuwax-agent-core/src/service/mod.rs:333: Port 9086 is ready
2026-02-06T14:10:58.940982Z  INFO ThreadId(15) nuwax_agent_core::service: crates/nuwax-agent-core/src/service/mod.rs:1006: HTTP Server (rcoder) started
2026-02-06T14:10:58.940999Z  INFO ThreadId(15) agent_tauri_client_lib: crates/agent-tauri-client/src-tauri/src/lib.rs:1185: [Services]   - Agent 服务启动命令已发送
2026-02-06T14:10:58.941011Z  INFO ThreadId(15) agent_tauri_client_lib: crates/agent-tauri-client/src-tauri/src/lib.rs:1189: [Services] 3/4 启动文件服务 (nuwax-file-server)...
2026-02-06T14:10:58.941088Z  INFO ThreadId(15) agent_tauri_client_lib: crates/agent-tauri-client/src-tauri/src/lib.rs:579: [FileServer] 找到可执行文件: /Users/soddy/Library/Application Support/com.nuwax.agent-tauri-client/node_modules/.bin/nuwax-file-server
2026-02-06T14:10:58.941134Z  INFO ThreadId(15) agent_tauri_client_lib: crates/agent-tauri-client/src-tauri/src/lib.rs:1194: [Services]   - 可执行文件路径: /Users/soddy/Library/Application Support/com.nuwax.agent-tauri-client/node_modules/.bin/nuwax-file-server
2026-02-06T14:10:58.941183Z  INFO ThreadId(15) agent_tauri_client_lib: crates/agent-tauri-client/src-tauri/src/lib.rs:1207: [Services]   - 找到 file_server_port: 60002
2026-02-06T14:10:58.941285Z  INFO ThreadId(15) agent_tauri_client_lib: crates/agent-tauri-client/src-tauri/src/lib.rs:1230: [Services]   - 找到 workspace_dir: /Volumes/soddygo/nuwax-agent-test
2026-02-06T14:10:58.941328Z  INFO ThreadId(15) agent_tauri_client_lib: crates/agent-tauri-client/src-tauri/src/lib.rs:1281: [Services]   - file_server_config:
2026-02-06T14:10:58.941339Z  INFO ThreadId(15) agent_tauri_client_lib: crates/agent-tauri-client/src-tauri/src/lib.rs:1282: [Services]     env: production
2026-02-06T14:10:58.941348Z  INFO ThreadId(15) agent_tauri_client_lib: crates/agent-tauri-client/src-tauri/src/lib.rs:1283: [Services]     init_project_dir: /Volumes/soddygo/nuwax-agent-test/project_init
2026-02-06T14:10:58.941358Z  INFO ThreadId(15) agent_tauri_client_lib: crates/agent-tauri-client/src-tauri/src/lib.rs:1287: [Services]     upload_project_dir: /Volumes/soddygo/nuwax-agent-test/project_zips
2026-02-06T14:10:58.941368Z  INFO ThreadId(15) agent_tauri_client_lib: crates/agent-tauri-client/src-tauri/src/lib.rs:1291: [Services]     project_source_dir: /Volumes/soddygo/nuwax-agent-test/project_workspace
2026-02-06T14:10:58.941378Z  INFO ThreadId(15) agent_tauri_client_lib: crates/agent-tauri-client/src-tauri/src/lib.rs:1295: [Services]     dist_target_dir: /Volumes/soddygo/nuwax-agent-test/project_nginx
2026-02-06T14:10:58.941387Z  INFO ThreadId(15) agent_tauri_client_lib: crates/agent-tauri-client/src-tauri/src/lib.rs:1299: [Services]     log_base_dir: /Users/soddy/Library/Application Support/com.nuwax.agent-tauri-client/logs/project_logs
2026-02-06T14:10:58.941398Z  INFO ThreadId(15) agent_tauri_client_lib: crates/agent-tauri-client/src-tauri/src/lib.rs:1303: [Services]     computer_workspace_dir: /Volumes/soddygo/nuwax-agent-test/computer-project-workspace
2026-02-06T14:10:58.941411Z  INFO ThreadId(15) agent_tauri_client_lib: crates/agent-tauri-client/src-tauri/src/lib.rs:1307: [Services]     computer_log_dir: /Users/soddy/Library/Application Support/com.nuwax.agent-tauri-client/logs/computer_logs
2026-02-06T14:10:58.941446Z  INFO ThreadId(15) nuwax_agent_core::service: crates/nuwax-agent-core/src/service/mod.rs:690: [FileServer] ========== 启动文件服务 ==========
2026-02-06T14:10:58.941987Z  INFO ThreadId(15) nuwax_agent_core::service: crates/nuwax-agent-core/src/service/mod.rs:695: [FileServer] 可执行文件路径: /Users/soddy/Library/Application Support/com.nuwax.agent-tauri-client/node_modules/.bin/nuwax-file-server
2026-02-06T14:10:58.942029Z  INFO ThreadId(15) nuwax_agent_core::service: crates/nuwax-agent-core/src/service/mod.rs:696: [FileServer] 端口: 60002
2026-02-06T14:10:58.943770Z  INFO ThreadId(15) nuwax_agent_core::service: crates/nuwax-agent-core/src/service/mod.rs:333: Port 60002 is ready
2026-02-06T14:10:58.943804Z  INFO ThreadId(15) nuwax_agent_core::service: crates/nuwax-agent-core/src/service/mod.rs:766: [FileServer] 进程启动成功
2026-02-06T14:10:58.943817Z  INFO ThreadId(15) agent_tauri_client_lib: crates/agent-tauri-client/src-tauri/src/lib.rs:1316: [Services]   - 文件服务启动命令已发送
2026-02-06T14:10:58.943827Z  INFO ThreadId(15) agent_tauri_client_lib: crates/agent-tauri-client/src-tauri/src/lib.rs:1320: [Services] 4/4 启动代理服务 (nuwax-lanproxy)...
2026-02-06T14:10:58.943864Z  INFO ThreadId(15) agent_tauri_client_lib: crates/agent-tauri-client/src-tauri/src/lib.rs:1325: [Services]   - 找到 lanproxy.server_host: testagent.xspaceagi.com
2026-02-06T14:10:58.943881Z  INFO ThreadId(15) agent_tauri_client_lib: crates/agent-tauri-client/src-tauri/src/lib.rs:1340: [Services]   - 处理后的服务器地址: testagent.xspaceagi.com
2026-02-06T14:10:58.943955Z  INFO ThreadId(15) agent_tauri_client_lib: crates/agent-tauri-client/src-tauri/src/lib.rs:1345: [Services]   - 找到 lanproxy.server_port: 10076
2026-02-06T14:10:58.943984Z  INFO ThreadId(15) agent_tauri_client_lib: crates/agent-tauri-client/src-tauri/src/lib.rs:1368: [Services]   - 找到 client_key: 98fc****f1df
2026-02-06T14:10:58.944055Z  INFO ThreadId(15) agent_tauri_client_lib: crates/agent-tauri-client/src-tauri/src/lib.rs:1386: [Services]   - 可执行文件路径: /Volumes/soddygo/git_work/nuwax-agent/crates/agent-tauri-client/src-tauri/binaries/nuwax-lanproxy-aarch64-apple-darwin
2026-02-06T14:10:58.944122Z  INFO ThreadId(15) agent_tauri_client_lib: crates/agent-tauri-client/src-tauri/src/lib.rs:1397: [Services]   - 服务器地址: testagent.xspaceagi.com:10076
2026-02-06T14:10:58.944139Z  INFO ThreadId(15) agent_tauri_client_lib: crates/agent-tauri-client/src-tauri/src/lib.rs:1398: [Services]   - 客户端密钥: 98fc72ea0cf4426ab1cb07194ebd****f1df
2026-02-06T14:10:58.944153Z  INFO ThreadId(15) nuwax_agent_core::service: crates/nuwax-agent-core/src/service/mod.rs:883: [Lanproxy] ========== 启动代理服务 ==========
2026-02-06T14:10:58.989873Z  INFO ThreadId(11) nuwax_agent_core::service: crates/nuwax-agent-core/src/service/mod.rs:888: [Lanproxy] 可执行文件路径: /Volumes/soddygo/git_work/nuwax-agent/crates/agent-tauri-client/src-tauri/binaries/nuwax-lanproxy-aarch64-apple-darwin
2026-02-06T14:10:58.989926Z  INFO ThreadId(11) nuwax_agent_core::service: crates/nuwax-agent-core/src/service/mod.rs:889: [Lanproxy] 服务器地址: testagent.xspaceagi.com:10076
2026-02-06T14:10:58.989939Z  INFO ThreadId(11) nuwax_agent_core::service: crates/nuwax-agent-core/src/service/mod.rs:893: [Lanproxy] 客户端密钥: 98fc72ea0cf4426ab1cb07194ebd****f1df
2026-02-06T14:10:58.989948Z  INFO ThreadId(11) nuwax_agent_core::service: crates/nuwax-agent-core/src/service/mod.rs:908: [Lanproxy] 启动命令: /Volumes/soddygo/git_work/nuwax-agent/crates/agent-tauri-client/src-tauri/binaries/nuwax-lanproxy-aarch64-apple-darwin -s testagent.xspaceagi.com -p 10076 -k 98fc72ea0cf4426ab1cb07194ebdf1df --ssl=true

thread 'tokio-runtime-worker' (97358908) panicked at /Users/soddy/.cargo/registry/src/index.crates.io-1949cf8c6b5b557f/rustls-0.23.36/src/crypto/mod.rs:249:14:

Could not automatically determine the process-level CryptoProvider from Rustls crate features.
Call CryptoProvider::install_default() before this point to select a provider manually, or make sure exactly one of the 'aws-lc-rs' and 'ring' features is enabled.
See the documentation of the CryptoProvider type for more information.
            
note: run with `RUST_BACKTRACE=1` environment variable to display a backtrace
error: unknown option '--INIT_PROJECT_NAME=nuwax-template'
2026/02/06 22:10:59 lanproxy - help you expose a local server behind a NAT or firewall to the internet
2026/02/06 22:10:59 client key: 98fc72ea0cf4426ab1cb07194ebdf1df
2026/02/06 22:10:59 server addr: testagent.xspaceagi.com
2026/02/06 22:10:59 server port: 10076
2026/02/06 22:10:59 enable ssl: true
2026/02/06 22:10:59 ssl cer path: certificate path is null, skip verify certificate
2026/02/06 22:10:59 init connection pool, len 0, cap 100
2026/02/06 22:10:59 start heartbeat: &{0 0 false <nil> 0x1400012ea80 [] <nil> {0 0}}
2026/02/06 22:10:59 start listen cmd message: {0x1400012c4c0 0x1400012a3c0 98fc72ea0cf4426ab1cb07194ebdf1df 0x1400010c300 testagent.xspaceagi.com:10076 0x140001029c0}
2026/02/06 22:10:59 connSuccess, clientkey: 98fc72ea0cf4426ab1cb07194ebdf1df
2026-02-06T14:10:59.493407Z  INFO ThreadId(11) nuwax_agent_core::service: crates/nuwax-agent-core/src/service/mod.rs:966: [Lanproxy] 进程启动成功
2026-02-06T14:10:59.493466Z  INFO ThreadId(11) agent_tauri_client_lib: crates/agent-tauri-client/src-tauri/src/lib.rs:1417: [Services]   - 代理服务启动命令已发送
2026-02-06T14:10:59.493479Z  INFO ThreadId(11) agent_tauri_client_lib: crates/agent-tauri-client/src-tauri/src/lib.rs:1420: [Services] ========== 所有服务重启命令已发送 ==========
2026-02-06T14:11:03.844848Z  INFO ThreadId(04) agent_runner::proxy_agent::acp_agent: /Users/soddy/.cargo/git/checkouts/rcoder-a88f60206d08025a/e1a79dd/crates/agent_runner/src/proxy_agent/acp_agent.rs:310: 💓 [Worker] 心跳 - 当前活跃: 0/10, 可用: 10, 时间: 2026-02-06 14:11:03
2026-02-06T14:11:08.844760Z  INFO ThreadId(11) agent_runner::proxy_agent::acp_agent: /Users/soddy/.cargo/git/checkouts/rcoder-a88f60206d08025a/e1a79dd/crates/agent_runner/src/proxy_agent/acp_agent.rs:310: 💓 [Worker] 心跳 - 当前活跃: 0/10, 可用: 10, 时间: 2026-02-06 14:11:08
2026-02-06T14:11:13.844006Z  INFO ThreadId(04) agent_runner::proxy_agent::acp_agent: /Users/soddy/.cargo/git/checkouts/rcoder-a88f60206d08025a/e1a79dd/crates/agent_runner/src/proxy_agent/acp_agent.rs:310: 💓 [Worker] 心跳 - 当前活跃: 0/10, 可用: 10, 时间: 2026-02-06 14:11:13
2026-02-06T14:11:14.405597Z  INFO ThreadId(04) nuwax_agent_core::http_server::handlers::chat: crates/nuwax-agent-core/src/http_server/handlers/chat.rs:22: [computer_chat] 收到请求: project_id=None, session_id=None, prompt_len=25, request_id=Some("req_abcdef"), model_config={ id=zhipu-glm-4.7, name=zhipu-glm-4.7, base_url=https://open.bigmodel.cn/api/coding/paas/v4, api_key_len=49, default_model=glm-4.7, requires_openai_auth=true }
2026-02-06T14:11:14.405693Z  INFO ThreadId(04) nuwax_agent_core::http_server::handlers::chat: crates/nuwax-agent-core/src/http_server/handlers/chat.rs:61: [computer_chat] 调用 agent_runner_api.chat(), project_id=38e0ee29-c5ab-4723-83e9-e7264d46079a
2026-02-06T14:11:14.405851Z  INFO ThreadId(04) nuwax_agent_core::agent_runner::rcoder_impl: crates/nuwax-agent-core/src/agent_runner/rcoder_impl.rs:207: [RcoderAgentRunner] 收到聊天请求: project_id=Some("38e0ee29-c5ab-4723-83e9-e7264d46079a"), prompt_len=25, has_model_config=true
2026-02-06T14:11:14.405887Z  INFO ThreadId(04) nuwax_agent_core::agent_runner::rcoder_impl: crates/nuwax-agent-core/src/agent_runner/rcoder_impl.rs:229: [RcoderAgentRunner] 转换模型配置: id=zhipu-glm-4.7, name=zhipu-glm-4.7, base_url=https://open.bigmodel.cn/api/coding/paas/v4, api_key_len=49, default_model=glm-4.7, requires_openai_auth=true
2026-02-06T14:11:14.405911Z  INFO ThreadId(04) nuwax_agent_core::agent_runner::rcoder_impl: crates/nuwax-agent-core/src/agent_runner/rcoder_impl.rs:251: [RcoderAgentRunner] 转换后 SharedModelProviderConfig: id=zhipu-glm-4.7, name=zhipu-glm-4.7, base_url=https://open.bigmodel.cn/api/coding/paas/v4, api_key_len=49, default_model=glm-4.7
2026-02-06T14:11:14.405934Z  INFO ThreadId(04) nuwax_agent_core::agent_runner::rcoder_impl: crates/nuwax-agent-core/src/agent_runner/rcoder_impl.rs:261: [RcoderAgentRunner] 项目工作目录: "/Volumes/soddygo/nuwax-agent-test/38e0ee29-c5ab-4723-83e9-e7264d46079a"
2026-02-06T14:11:14.406074Z  INFO ThreadId(04) agent_runner::service::chat_handler: /Users/soddy/.cargo/git/checkouts/rcoder-a88f60206d08025a/e1a79dd/crates/agent_runner/src/service/chat_handler.rs:154: [ChatHandler] 开始处理请求: project_id=38e0ee29-c5ab-4723-83e9-e7264d46079a, session_id=None, prompt_len=25, has_model_config=true
2026-02-06T14:11:14.406219Z  INFO ThreadId(04) agent_runner::service::chat_handler: /Users/soddy/.cargo/git/checkouts/rcoder-a88f60206d08025a/e1a79dd/crates/agent_runner/src/service/chat_handler.rs:175: [ChatHandler] 通过 project_id 查找 Agent: project_id=38e0ee29-c5ab-4723-83e9-e7264d46079a
2026-02-06T14:11:14.406593Z  INFO ThreadId(04) agent_runner::service::agent_registry: /Users/soddy/.cargo/git/checkouts/rcoder-a88f60206d08025a/e1a79dd/crates/agent_runner/src/service/agent_registry.rs:392: 📌 [Registry] 创建 Pending 占位: project_id=38e0ee29-c5ab-4723-83e9-e7264d46079a
2026-02-06T14:11:14.406612Z  INFO ThreadId(04) agent_runner::service::chat_handler: /Users/soddy/.cargo/git/checkouts/rcoder-a88f60206d08025a/e1a79dd/crates/agent_runner/src/service/chat_handler.rs:197: [ChatHandler] 创建 PendingGuard: project_id=38e0ee29-c5ab-4723-83e9-e7264d46079a
2026-02-06T14:11:14.406623Z  INFO ThreadId(04) agent_runner::service::chat_handler: /Users/soddy/.cargo/git/checkouts/rcoder-a88f60206d08025a/e1a79dd/crates/agent_runner/src/service/chat_handler.rs:216: [ChatHandler] 项目工作目录: "/Volumes/soddygo/nuwax-agent-test/38e0ee29-c5ab-4723-83e9-e7264d46079a", service_type=ComputerAgentRunner
2026-02-06T14:11:14.408849Z  INFO ThreadId(04) agent_runner::service::chat_handler: /Users/soddy/.cargo/git/checkouts/rcoder-a88f60206d08025a/e1a79dd/crates/agent_runner/src/service/chat_handler.rs:298: [ChatHandler] 已存储 API 配置: service_uuid=4c213aef-c8f0-4a46-b84a-b401801228fa, provider_name=zhipu-glm-4.7, base_url=https://ope***del.cn/api/coding/paas/v4
2026-02-06T14:11:14.409026Z  INFO ThreadId(04) agent_runner::proxy_agent::acp_agent: /Users/soddy/.cargo/git/checkouts/rcoder-a88f60206d08025a/e1a79dd/crates/agent_runner/src/proxy_agent/acp_agent.rs:328: 📨 接收到请求，project_id: 38e0ee29-c5ab-4723-83e9-e7264d46079a, request_id: req_abcdef - SACP 并发处理
2026-02-06T14:11:14.409071Z  INFO ThreadId(04) agent_runner::proxy_agent::acp_agent: /Users/soddy/.cargo/git/checkouts/rcoder-a88f60206d08025a/e1a79dd/crates/agent_runner/src/proxy_agent/acp_agent.rs:339: 🔵 [SACP] 开始处理请求 project_id=38e0ee29-c5ab-4723-83e9-e7264d46079a, request_id=req_abcdef
2026-02-06T14:11:14.409731Z  INFO ThreadId(04) agent_abstraction::session::acp_worker: /Users/soddy/.cargo/git/checkouts/rcoder-a88f60206d08025a/e1a79dd/crates/agent_abstraction/src/session/acp_worker.rs:56: 📨 AcpAgentWorker 处理请求，project_id: 38e0ee29-c5ab-4723-83e9-e7264d46079a
2026-02-06T14:11:14.411448Z  INFO ThreadId(04) agent_abstraction::session::acp_worker: /Users/soddy/.cargo/git/checkouts/rcoder-a88f60206d08025a/e1a79dd/crates/agent_abstraction/src/session/acp_worker.rs:95: 📝 提示词处理 - 系统提示词: has_override=false, length=11877 | 用户提示词: has_template=false, original_len=25, final_len=25
2026-02-06T14:11:14.412788Z  INFO ThreadId(04) agent_abstraction::session::session_manager: /Users/soddy/.cargo/git/checkouts/rcoder-a88f60206d08025a/e1a79dd/crates/agent_abstraction/src/session/session_manager.rs:439: 🔄 [SESSION] 检测到 Pending 占位符，准备替换: project_id=38e0ee29-c5ab-4723-83e9-e7264d46079a
2026-02-06T14:11:14.412907Z  INFO ThreadId(04) agent_abstraction::session::session_manager: /Users/soddy/.cargo/git/checkouts/rcoder-a88f60206d08025a/e1a79dd/crates/agent_abstraction/src/session/session_manager.rs:292: 开始创建新的 Agent 会话，项目 ID: 38e0ee29-c5ab-4723-83e9-e7264d46079a
2026-02-06T14:11:14.413532Z  INFO ThreadId(04) agent_config::installer::manager: /Users/soddy/.cargo/git/checkouts/rcoder-a88f60206d08025a/e1a79dd/crates/agent_config/src/installer/manager.rs:143: 🔍 检查 Agent 安装状态: claude-code-acp
2026-02-06T14:11:14.414588Z  INFO ThreadId(04) agent_config::installer::manager: /Users/soddy/.cargo/git/checkouts/rcoder-a88f60206d08025a/e1a79dd/crates/agent_config/src/installer/manager.rs:149: ✅ Agent 已安装且验证通过: claude-code-acp
2026-02-06T14:11:14.415173Z  INFO ThreadId(04) agent_abstraction::launcher::claude_code_sacp: /Users/soddy/.cargo/git/checkouts/rcoder-a88f60206d08025a/e1a79dd/crates/agent_abstraction/src/launcher/claude_code_sacp.rs:373: 📋 [SACP] 使用默认 Agent: claude-code-acp []
2026-02-06T14:11:14.415202Z  INFO ThreadId(04) agent_abstraction::launcher::claude_code_sacp: /Users/soddy/.cargo/git/checkouts/rcoder-a88f60206d08025a/e1a79dd/crates/agent_abstraction/src/launcher/claude_code_sacp.rs:396: [SACP] 项目工作目录: /Volumes/soddygo/nuwax-agent-test/38e0ee29-c5ab-4723-83e9-e7264d46079a
2026-02-06T14:11:14.415316Z  INFO ThreadId(04) agent_abstraction::launcher::claude_code_sacp: /Users/soddy/.cargo/git/checkouts/rcoder-a88f60206d08025a/e1a79dd/crates/agent_abstraction/src/launcher/claude_code_sacp.rs:403: 📦 [SACP] 使用配置文件中的 MCP 服务器
2026-02-06T14:11:14.415372Z  INFO ThreadId(04) agent_abstraction::launcher::claude_code_sacp: /Users/soddy/.cargo/git/checkouts/rcoder-a88f60206d08025a/e1a79dd/crates/agent_abstraction/src/launcher/claude_code_sacp.rs:472: [SACP] 📋 传递给 Agent 的环境变量 (7 个):
2026-02-06T14:11:14.415398Z  INFO ThreadId(04) agent_abstraction::launcher::claude_code_sacp: /Users/soddy/.cargo/git/checkouts/rcoder-a88f60206d08025a/e1a79dd/crates/agent_abstraction/src/launcher/claude_code_sacp.rs:483: [SACP] 📋   AGENT_PROJECT_ID = 38e0ee29-c5ab-4723-83e9-e7264d46079a
2026-02-06T14:11:14.415413Z  INFO ThreadId(04) agent_abstraction::launcher::claude_code_sacp: /Users/soddy/.cargo/git/checkouts/rcoder-a88f60206d08025a/e1a79dd/crates/agent_abstraction/src/launcher/claude_code_sacp.rs:483: [SACP] 📋   AGENT_WORKING_DIR = /Volumes/soddygo/nuwax-agent-test/38e0ee29-c5ab-4723-83e9-e7264d46079a
2026-02-06T14:11:14.415424Z  INFO ThreadId(04) agent_abstraction::launcher::claude_code_sacp: /Users/soddy/.cargo/git/checkouts/rcoder-a88f60206d08025a/e1a79dd/crates/agent_abstraction/src/launcher/claude_code_sacp.rs:483: [SACP] 📋   ANTHROPIC_API_KEY = PROXY_MANAGED_KEY
2026-02-06T14:11:14.415432Z  INFO ThreadId(04) agent_abstraction::launcher::claude_code_sacp: /Users/soddy/.cargo/git/checkouts/rcoder-a88f60206d08025a/e1a79dd/crates/agent_abstraction/src/launcher/claude_code_sacp.rs:483: [SACP] 📋   ANTHROPIC_BASE_URL = http://localhost:8088/api/4c213aef-c8f0-4a46-b84a-b401801228fa
2026-02-06T14:11:14.415445Z  INFO ThreadId(04) agent_abstraction::launcher::claude_code_sacp: /Users/soddy/.cargo/git/checkouts/rcoder-a88f60206d08025a/e1a79dd/crates/agent_abstraction/src/launcher/claude_code_sacp.rs:483: [SACP] 📋   ANTHROPIC_MODEL = glm-4.7
2026-02-06T14:11:14.415452Z  INFO ThreadId(04) agent_abstraction::launcher::claude_code_sacp: /Users/soddy/.cargo/git/checkouts/rcoder-a88f60206d08025a/e1a79dd/crates/agent_abstraction/src/launcher/claude_code_sacp.rs:483: [SACP] 📋   CLAUDE_CODE_DISABLE_NONESSENTIAL_TRAFFIC = 1
2026-02-06T14:11:14.415460Z  INFO ThreadId(04) agent_abstraction::launcher::claude_code_sacp: /Users/soddy/.cargo/git/checkouts/rcoder-a88f60206d08025a/e1a79dd/crates/agent_abstraction/src/launcher/claude_code_sacp.rs:483: [SACP] 📋   RUST_LOG = info
2026-02-06T14:11:14.416353Z  INFO ThreadId(04) agent_abstraction::launcher::claude_code_sacp: /Users/soddy/.cargo/git/checkouts/rcoder-a88f60206d08025a/e1a79dd/crates/agent_abstraction/src/launcher/claude_code_sacp.rs:501: [SACP] Claude Code ACP 子进程已启动，PID: 4132
2026-02-06T14:11:14.598697Z  INFO ThreadId(11) connection{name="rcoder-agent-runner-sacp"}: agent_abstraction::launcher::claude_code_sacp: /Users/soddy/.cargo/git/checkouts/rcoder-a88f60206d08025a/e1a79dd/crates/agent_abstraction/src/launcher/claude_code_sacp.rs:755: [SACP] ACP 连接初始化成功
2026-02-06T14:11:14.598941Z  INFO ThreadId(11) connection{name="rcoder-agent-runner-sacp"}: agent_abstraction::launcher::claude_code_sacp: /Users/soddy/.cargo/git/checkouts/rcoder-a88f60206d08025a/e1a79dd/crates/agent_abstraction/src/launcher/claude_code_sacp.rs:761: [SACP] 创建 ACP 会话...
2026-02-06T14:11:14.598970Z  INFO ThreadId(11) connection{name="rcoder-agent-runner-sacp"}: agent_abstraction::launcher::claude_code_sacp: /Users/soddy/.cargo/git/checkouts/rcoder-a88f60206d08025a/e1a79dd/crates/agent_abstraction/src/launcher/claude_code_sacp.rs:766: new_session_request: NewSessionRequest { cwd: "/Volumes/soddygo/nuwax-agent-test/38e0ee29-c5ab-4723-83e9-e7264d46079a", mcp_servers: [], meta: Some({"systemPrompt": Object {"append": String("<SYSTEM_INSTRUCTIONS>\n\n你是一个专业的前端项目开发专家，集成了MCP（模型上下文协议）工具。你精通现代前端开发技术栈，包括 React、Vue、Vite、TypeScript 等主流框架和工具。你被设计成能够识别项目使用的框架，并基于项目现有技术栈进行开发，而不是强行转换框架。\n\n**核心能力**：\n• **框架识别**: 能够自动识别项目使用的前端框架（React、Vue 等）\n• **框架适配**: 基于项目当前框架编写代码，保持技术栈一致性\n• **通用工具**: Vite、TypeScript、Tailwind CSS、ESLint、Prettier\n• **HTTP客户端**: Axios、Fetch API\n• **包管理器**: pnpm、npm、yarn\n• **构建工具**: Vite (热重载、快速构建)\n• **代码规范**: ESLint + Prettier + TypeScript 严格模式\n\n**关键原则**：\n1. **优先识别现有框架**：在修改代码前，先检测项目使用的框架（通过 package.json、文件结构等）\n2. **保持技术栈一致**：如果项目使用 Vue，就用 Vue 开发；如果是 React，就用 React\n3. **不强行转换框架**：绝对不要将 Vue 代码改为 React，或将 React 代码改为 Vue\n4. **项目开发**：基于现有项目结构开发,来开发新功能或修复现有功能\n\n<ROLE_DEFINITION>\n你是专业的前端开发专家，精通多种现代前端框架和工具链。你可以访问各种MCP工具，包括用于网络搜索和文档检索的 context7。\n**技术能力范围**：\n• **主流框架**: React、Vue、Angular、Svelte 等现代前端框架及其生态系统\n• **开发语言**: TypeScript、JavaScript (ES6+)、HTML5、CSS3\n• **样式方案**: Tailwind CSS、CSS Modules、Sass、Less、Styled Components\n• **构建工具**: Vite、Webpack、Rollup、esbuild 等现代构建工具\n• **状态管理**: 各框架对应的状态管理方案（Redux、Pinia、NgRx、Zustand 等）\n• **HTTP客户端**: Axios、Fetch API、各框架的 HTTP 库\n• **代码规范**: ESLint、Prettier、TSLint 等代码质量工具\n\n**核心工作原则**：\n1. **先识别框架**：在编写代码前，必须先识别项目使用的框架和技术栈\n2. **尊重现有技术栈**：基于项目现有框架和工具进行开发，不擅自转换\n3. **保持一致性**：使用项目当前框架的语法、规范和最佳实践\n4. **使用工具**：在可以提供更好答案的情况下，使用可用的 MCP 工具\n5. **最佳实践**：遵循各框架和工具的最新最佳实践和设计模式\n\n<CODE_FORMAT_RULES>\n**通用代码规范**：\n1. 始终使用 TypeScript 严格模式编写代码\n2. 组件文件使用 PascalCase 命名，工具函数使用 camelCase\n3. 接口类型使用 PascalCase + 'Interface' 或 'Type' 后缀\n4. 优先使用 Tailwind CSS 进行样式设计\n5. API 调用使用 Axios 客户端或 Fetch API\n6. 为复杂逻辑添加 JSDoc 风格注释\n7. 遵循项目的代码规范和文件结构约定\n8. 确保代码格式正确且可读\n9. 考虑错误处理和边界情况\n10. 使用适当的变量和函数名称\n11. 利用 Vite 的快速构建和热重载特性\n12. 项目根目录下的文件'index.html',这个文件的'title'标签里,不要包含前端框架名 比如: React,Vite,Vue,Antd,Angular 等\n13. **重要：路由模式规范**：在开发过程中，涉及到路由时请务必使用 hash 模式。例如：React Router 使用 `HashRouter`，Vue Router 配置 `mode: 'hash'`，Angular Router 使用 `LocationStrategy` 的 `HashLocationStrategy`。\n14. **重要：保护注入代码块**：绝对禁止删除或修改被 `DEV-INJECT-START` 和 `DEV-INJECT-END` 标记包围的代码块。这些代码块是由开发工具自动注入的，必须完整保留。在编辑代码时，需要保留这些标记及其之间的所有内容。\n\n**React 项目特定规范**：\n• 遵循 React 函数组件最佳实践，使用 React.FC 类型\n• 使用 Radix UI 组件库构建 UI\n• 表单使用 React Hook Form + Zod 进行验证\n• 使用 React.memo、useCallback、useMemo 优化性能\n• 遵循 React Hooks 规则\n• 路由必须使用 `HashRouter`（来自 react-router-dom），不要使用 `BrowserRouter`\n\n**Vue 项目特定规范**：\n• 优先使用 Composition API（setup 语法糖）\n• 使用 Element Plus 或其他 Vue UI 组件库\n• 使用 Pinia 进行状态管理\n• 遵循 Vue 最佳实践和响应式系统规则\n• 使用 computed、watch、ref、reactive 等组合式 API\n• Vue Router 必须配置为 hash 模式：`createRouter({ history: createWebHashHistory(), ... })`\n\n<DEVELOPMENT_CONSTRAINTS>\n**严格禁止的操作 - 绝对不允许执行**：\n\n🚫 **安全禁令**（最高优先级）：\n- **绝对禁止**探测、扫描或访问内网IP地址（如 10.0.0.0/8、172.16.0.0/12、192.168.0.0/16、127.0.0.0/8）\n- **绝对禁止**尝试访问本地服务（localhost、127.0.0.1、0.0.0.0）\n- **绝对禁止**端口扫描、网络探测、内网服务发现等行为\n- **绝对禁止**在代码中硬编码内网IP地址或私有网络地址\n- **绝对禁止**使用 curl、wget、nc、telnet、nmap 等工具探测内网\n- **绝对禁止**执行任何可能危害系统安全的命令或代码\n- **绝对禁止**绕过安全限制或尝试提权操作\n- **绝对禁止**执行反向Shell、远程代码执行等恶意操作\n- **核心原则**：所有网络请求必须指向公网服务或用户明确提供的合法API端点\n\n🚫 **框架转换禁令**（最重要）：\n- **绝对禁止**将 Vue 代码改写为 React 代码\n- **绝对禁止**将 React 代码改写为 Vue 代码\n- **绝对禁止**在现有项目中擅自更换框架\n- **必须遵守**：识别项目框架后，只使用该框架的语法和API\n- **核心原则**：尊重项目现有技术栈，保持框架一致性\n\n🚫 **项目初始化禁令**：\n- 禁止使用 npm create、npm init\n- 禁止使用 yarn create、yarn init\n- 禁止使用 npx create-react-app、npx create-vue\n- 禁止使用 pnpm create\n- 禁止使用任何shell命令进行项目初始化\n- 禁止提示用户如何使用 npm dev、npm build 等命令(因为工程是服务器部署的服务,用户没有权限执行)\n\n🚫 **文件/脚本创建禁令**：\n- **禁止**在项目中创建、引用或注入名为 'dev-monitor.js' 的文件或脚本\n\n🚫 **代码块保护禁令**（重要）：\n- **绝对禁止**删除或修改被 `DEV-INJECT-START` 和 `DEV-INJECT-END` 标记包围的代码块\n- **绝对禁止**在编辑代码时移除这些标记或它们之间的内容\n- **必须遵守**：这些代码块是由开发工具自动注入的，必须完整保留\n- **核心原则**：在修改代码时，如果遇到这些标记，需要绕开或保留这些标记之间的所有内容\n\n✅ **允许的操作范围**：\n- **首要任务**：识别项目使用的框架（检查 package.json、文件结构等）\n- 专注于编写和修改前端代码文件\n- 基于项目框架创建组件、页面、样式文件（Vue 用 .vue，React 用 .tsx/.jsx）\n- 修改现有的 TypeScript/JavaScript 代码（保持框架语法）\n- 编写 Tailwind CSS 或其他样式\n- 使用项目对应的 UI 组件库（React 用 Radix UI，Vue 用 Element Plus）\n- 配置文件的代码层面修改（如 tsconfig.json、vite.config.ts）\n- 遵循项目的代码规范和文件结构\n- **仅允许访问**：用户明确提供的公网API端点或合法的外部服务\n\n**核心原则**：\n- 你是前端代码编写专家，不是项目管理员\n- **最重要**：识别并尊重项目框架，绝不擅自转换框架\n- **安全第一**：绝不执行任何可能危害系统安全的操作\n- 用户负责依赖安装、服务启动和测试运行\n- 总是用中文回复\n\n<MCP_TOOL_GUIDANCE>\n可用的MCP工具：\n- context7: 搜索网络、检索前端框架文档（React、Vue、Vite、TypeScript等）\n\n**关键工具使用规则**：\n1. **支持的主流技术栈**：\n   - 前端框架：React、Vue、Angular、Svelte 等及其对应的生态系统\n   - 构建工具：Vite、Webpack、Rollup、esbuild 等\n   - 开发语言：TypeScript、JavaScript、HTML、CSS\n   - 样式方案：Tailwind CSS、CSS Modules、Sass、Less 等\n   - 通用工具：Axios、Fetch API、ESLint、Prettier 等\n2. **现有项目处理流程**（最重要）：\n   - **第一步**：检查 package.json 识别项目使用的框架和依赖\n   - **第二步**：检查文件结构识别项目类型（.vue = Vue，.tsx/.jsx = React，.component.ts = Angular）\n   - **第三步**：基于识别的框架编写代码，绝不转换框架\n   - **示例**：检测到 \"vue\" 依赖则使用 Vue 语法，检测到 \"react\" 则用 React 语法\n3. 使用 context7 搜索对应框架的文档、示例和最佳实践\n4. 在编写任何代码之前始终验证项目结构和框架\n\n**核心记忆**：\n- 现有项目 = 先识别框架，再用对应框架语法编码\n- **绝不擅自转换框架**：Vue 项目保持 Vue，React 项目保持 React\n\n<THINKING_REQUIREMENTS>\n回应之前，你必须遵循这个确切的前端开发工作流程：\n\n**第一阶段：项目状态检测**\n1. **关键第一步**：检查项目目录状态\n2. **如果是现有项目**（最重要）：\n   - **步骤1**：立即读取 package.json 文件\n   - **步骤2**：检查 dependencies 识别前端框架（react、vue、@angular/core、svelte 等）\n   - **步骤3**：检查项目文件结构识别框架类型（.vue、.tsx/.jsx、.component.ts、.svelte 等）\n   - **步骤4**：明确识别项目使用的框架和技术栈\n   - **步骤5**：在后续所有操作中只使用该框架的语法和API\n\n**第二阶段：框架识别与确认**\n3. **框架识别标志**：\n   - Vue 项目：package.json 中有 \"vue\" 依赖，存在 .vue 文件\n   - React 项目：package.json 中有 \"react\" 依赖，存在 .tsx/.jsx 文件\n   - Angular 项目：package.json 中有 \"@angular/core\" 依赖，存在 .component.ts 文件\n   - Svelte 项目：package.json 中有 \"svelte\" 依赖，存在 .svelte 文件\n4. **框架确认后的行为**：\n   - Vue 项目：使用 Vue API（Composition API 或 Options API）、.vue 文件、Vue Router、Pinia 等\n   - React 项目：使用 React API（Hooks、类组件等）、.tsx/.jsx 文件、React Router、Redux/Zustand 等\n   - Angular 项目：使用 Angular API、组件/服务/模块、RxJS、Angular Router 等\n   - Svelte 项目：使用 Svelte 语法、.svelte 文件、SvelteKit 等\n   - **绝对禁止**：在任何项目中擅自切换到其他框架的语法\n\n**第三阶段：开发执行**\n5. 详细分析用户的开发请求\n6. 确定是否需要使用 context7 搜索对应框架的文档\n7. 基于识别的框架生态系统规划开发方法\n8. 优先考虑该框架的最佳实践和现代开发模式\n9. 考虑框架特有的错误处理、状态管理、组件设计等\n10. 遵循项目的代码规范和文件结构约定\n11. **路由配置要求**（重要）：\n    - 如果涉及路由配置，必须使用 hash 模式\n    - React 项目：使用 `HashRouter`\n    - Vue 项目：使用 `createWebHashHistory()`\n    - Angular 项目：使用 `HashLocationStrategy`\n    - 绝对禁止使用 history 模式（BrowserRouter、createWebHistory 等）\n12. **MCP工具调用规范**：\n    - 使用 context7 搜索对应框架的文档和最佳实践\n\n**绝对规则（核心中的核心）**：\n⚠\u{fe0f} **框架一致性原则**：\n- 识别项目使用的框架 → 只用该框架的语法和API → 绝不转换为其他框架\n- Vue 项目保持 Vue、React 项目保持 React、Angular 项目保持 Angular\n- **违反此原则是最严重的错误**\n\n**检查清单**：\n✓ 是否已读取 package.json？\n✓ 是否已识别项目框架？\n✓ 是否确认使用正确的框架语法？\n✓ 是否避免了框架转换？\n✓ 如果涉及路由，是否使用了 hash 模式？\n\n</SYSTEM_INSTRUCTIONS>")}}) }
2026-02-06T14:11:18.844722Z  INFO ThreadId(04) agent_runner::proxy_agent::acp_agent: /Users/soddy/.cargo/git/checkouts/rcoder-a88f60206d08025a/e1a79dd/crates/agent_runner/src/proxy_agent/acp_agent.rs:310: 💓 [Worker] 心跳 - 当前活跃: 1/10, 可用: 9, 时间: 2026-02-06 14:11:18
2026-02-06T14:11:22.594917Z  INFO ThreadId(04) connection{name="rcoder-agent-runner-sacp"}: agent_abstraction::launcher::claude_code_sacp: /Users/soddy/.cargo/git/checkouts/rcoder-a88f60206d08025a/e1a79dd/crates/agent_abstraction/src/launcher/claude_code_sacp.rs:785: [SACP] ACP 会话创建成功, session_id=019c334a-ee2a-74a9-9829-7d54a881451c
2026-02-06T14:11:22.595050Z  INFO ThreadId(04) agent_abstraction::launcher::claude_code_sacp: /Users/soddy/.cargo/git/checkouts/rcoder-a88f60206d08025a/e1a79dd/crates/agent_abstraction/src/launcher/claude_code_sacp.rs:550: [SACP] Claude Code ACP Agent 服务启动完成，会话 ID: 019c334a-ee2a-74a9-9829-7d54a881451c
2026-02-06T14:11:22.595721Z  WARN ThreadId(07) agent_abstraction::launcher::claude_code_sacp: /Users/soddy/.cargo/git/checkouts/rcoder-a88f60206d08025a/e1a79dd/crates/agent_abstraction/src/launcher/claude_code_sacp.rs:572: [SACP] Claude Code Agent stderr: Spawning Claude Code process: /usr/local/bin/node /usr/local/lib/node_modules/@zed-industries/claude-code-acp/node_modules/@anthropic-ai/claude-agent-sdk/cli.js --output-format stream-json --verbose --input-format stream-json --append-system-prompt <SYSTEM_INSTRUCTIONS>
2026-02-06T14:11:22.595782Z  WARN ThreadId(07) agent_abstraction::launcher::claude_code_sacp: /Users/soddy/.cargo/git/checkouts/rcoder-a88f60206d08025a/e1a79dd/crates/agent_abstraction/src/launcher/claude_code_sacp.rs:572: [SACP] Claude Code Agent stderr: 你是一个专业的前端项目开发专家，集成了MCP（模型上下文协议）工具。你精通现代前端开发技术栈，包括 React、Vue、Vite、TypeScript 等主流框架和工具。你被设计成能够识别项目使用的框架，并基于项目现有技术栈进行开发，而不是强行转换框架。
2026-02-06T14:11:22.595820Z  WARN ThreadId(07) agent_abstraction::launcher::claude_code_sacp: /Users/soddy/.cargo/git/checkouts/rcoder-a88f60206d08025a/e1a79dd/crates/agent_abstraction/src/launcher/claude_code_sacp.rs:572: [SACP] Claude Code Agent stderr: **核心能力**：
2026-02-06T14:11:22.595834Z  WARN ThreadId(07) agent_abstraction::launcher::claude_code_sacp: /Users/soddy/.cargo/git/checkouts/rcoder-a88f60206d08025a/e1a79dd/crates/agent_abstraction/src/launcher/claude_code_sacp.rs:572: [SACP] Claude Code Agent stderr: • **框架识别**: 能够自动识别项目使用的前端框架（React、Vue 等）
2026-02-06T14:11:22.595850Z  WARN ThreadId(07) agent_abstraction::launcher::claude_code_sacp: /Users/soddy/.cargo/git/checkouts/rcoder-a88f60206d08025a/e1a79dd/crates/agent_abstraction/src/launcher/claude_code_sacp.rs:572: [SACP] Claude Code Agent stderr: • **框架适配**: 基于项目当前框架编写代码，保持技术栈一致性
2026-02-06T14:11:22.595866Z  WARN ThreadId(07) agent_abstraction::launcher::claude_code_sacp: /Users/soddy/.cargo/git/checkouts/rcoder-a88f60206d08025a/e1a79dd/crates/agent_abstraction/src/launcher/claude_code_sacp.rs:572: [SACP] Claude Code Agent stderr: • **通用工具**: Vite、TypeScript、Tailwind CSS、ESLint、Prettier
2026-02-06T14:11:22.595879Z  WARN ThreadId(07) agent_abstraction::launcher::claude_code_sacp: /Users/soddy/.cargo/git/checkouts/rcoder-a88f60206d08025a/e1a79dd/crates/agent_abstraction/src/launcher/claude_code_sacp.rs:572: [SACP] Claude Code Agent stderr: • **HTTP客户端**: Axios、Fetch API
2026-02-06T14:11:22.595893Z  WARN ThreadId(07) agent_abstraction::launcher::claude_code_sacp: /Users/soddy/.cargo/git/checkouts/rcoder-a88f60206d08025a/e1a79dd/crates/agent_abstraction/src/launcher/claude_code_sacp.rs:572: [SACP] Claude Code Agent stderr: • **包管理器**: pnpm、npm、yarn
2026-02-06T14:11:22.595903Z  WARN ThreadId(07) agent_abstraction::launcher::claude_code_sacp: /Users/soddy/.cargo/git/checkouts/rcoder-a88f60206d08025a/e1a79dd/crates/agent_abstraction/src/launcher/claude_code_sacp.rs:572: [SACP] Claude Code Agent stderr: • **构建工具**: Vite (热重载、快速构建)
2026-02-06T14:11:22.595919Z  WARN ThreadId(07) agent_abstraction::launcher::claude_code_sacp: /Users/soddy/.cargo/git/checkouts/rcoder-a88f60206d08025a/e1a79dd/crates/agent_abstraction/src/launcher/claude_code_sacp.rs:572: [SACP] Claude Code Agent stderr: • **代码规范**: ESLint + Prettier + TypeScript 严格模式
2026-02-06T14:11:22.595932Z  WARN ThreadId(07) agent_abstraction::launcher::claude_code_sacp: /Users/soddy/.cargo/git/checkouts/rcoder-a88f60206d08025a/e1a79dd/crates/agent_abstraction/src/launcher/claude_code_sacp.rs:572: [SACP] Claude Code Agent stderr: **关键原则**：
2026-02-06T14:11:22.595930Z  INFO ThreadId(04) agent_abstraction::launcher::lifecycle: /Users/soddy/.cargo/git/checkouts/rcoder-a88f60206d08025a/e1a79dd/crates/agent_abstraction/src/launcher/lifecycle.rs:348: [LifecycleGuard] 创建 Claude Agent 守卫: project_id=38e0ee29-c5ab-4723-83e9-e7264d46079a, pgid=4132, session_id=019c334a-ee2a-74a9-9829-7d54a881451c
2026-02-06T14:11:22.595942Z  WARN ThreadId(07) agent_abstraction::launcher::claude_code_sacp: /Users/soddy/.cargo/git/checkouts/rcoder-a88f60206d08025a/e1a79dd/crates/agent_abstraction/src/launcher/claude_code_sacp.rs:572: [SACP] Claude Code Agent stderr: 1. **优先识别现有框架**：在修改代码前，先检测项目使用的框架（通过 package.json、文件结构等）
2026-02-06T14:11:22.595965Z  INFO ThreadId(04) agent_abstraction::session::session_manager: /Users/soddy/.cargo/git/checkouts/rcoder-a88f60206d08025a/e1a79dd/crates/agent_abstraction/src/session/session_manager.rs:319: ✅ Agent 会话创建成功，会话 ID: 019c334a-ee2a-74a9-9829-7d54a881451c
2026-02-06T14:11:22.595993Z  WARN ThreadId(07) agent_abstraction::launcher::claude_code_sacp: /Users/soddy/.cargo/git/checkouts/rcoder-a88f60206d08025a/e1a79dd/crates/agent_abstraction/src/launcher/claude_code_sacp.rs:572: [SACP] Claude Code Agent stderr: 2. **保持技术栈一致**：如果项目使用 Vue，就用 Vue 开发；如果是 React，就用 React
2026-02-06T14:11:22.596008Z  WARN ThreadId(07) agent_abstraction::launcher::claude_code_sacp: /Users/soddy/.cargo/git/checkouts/rcoder-a88f60206d08025a/e1a79dd/crates/agent_abstraction/src/launcher/claude_code_sacp.rs:572: [SACP] Claude Code Agent stderr: 3. **不强行转换框架**：绝对不要将 Vue 代码改为 React，或将 React 代码改为 Vue
2026-02-06T14:11:22.596034Z  WARN ThreadId(07) agent_abstraction::launcher::claude_code_sacp: /Users/soddy/.cargo/git/checkouts/rcoder-a88f60206d08025a/e1a79dd/crates/agent_abstraction/src/launcher/claude_code_sacp.rs:572: [SACP] Claude Code Agent stderr: 4. **项目开发**：基于现有项目结构开发,来开发新功能或修复现有功能
2026-02-06T14:11:22.596047Z  WARN ThreadId(07) agent_abstraction::launcher::claude_code_sacp: /Users/soddy/.cargo/git/checkouts/rcoder-a88f60206d08025a/e1a79dd/crates/agent_abstraction/src/launcher/claude_code_sacp.rs:572: [SACP] Claude Code Agent stderr: <ROLE_DEFINITION>
2026-02-06T14:11:22.596101Z  WARN ThreadId(07) agent_abstraction::launcher::claude_code_sacp: /Users/soddy/.cargo/git/checkouts/rcoder-a88f60206d08025a/e1a79dd/crates/agent_abstraction/src/launcher/claude_code_sacp.rs:572: [SACP] Claude Code Agent stderr: 你是专业的前端开发专家，精通多种现代前端框架和工具链。你可以访问各种MCP工具，包括用于网络搜索和文档检索的 context7。
2026-02-06T14:11:22.596119Z  WARN ThreadId(07) agent_abstraction::launcher::claude_code_sacp: /Users/soddy/.cargo/git/checkouts/rcoder-a88f60206d08025a/e1a79dd/crates/agent_abstraction/src/launcher/claude_code_sacp.rs:572: [SACP] Claude Code Agent stderr: **技术能力范围**：
2026-02-06T14:11:22.596132Z  WARN ThreadId(07) agent_abstraction::launcher::claude_code_sacp: /Users/soddy/.cargo/git/checkouts/rcoder-a88f60206d08025a/e1a79dd/crates/agent_abstraction/src/launcher/claude_code_sacp.rs:572: [SACP] Claude Code Agent stderr: • **主流框架**: React、Vue、Angular、Svelte 等现代前端框架及其生态系统
2026-02-06T14:11:22.596146Z  WARN ThreadId(07) agent_abstraction::launcher::claude_code_sacp: /Users/soddy/.cargo/git/checkouts/rcoder-a88f60206d08025a/e1a79dd/crates/agent_abstraction/src/launcher/claude_code_sacp.rs:572: [SACP] Claude Code Agent stderr: • **开发语言**: TypeScript、JavaScript (ES6+)、HTML5、CSS3
2026-02-06T14:11:22.596158Z  WARN ThreadId(07) agent_abstraction::launcher::claude_code_sacp: /Users/soddy/.cargo/git/checkouts/rcoder-a88f60206d08025a/e1a79dd/crates/agent_abstraction/src/launcher/claude_code_sacp.rs:572: [SACP] Claude Code Agent stderr: • **样式方案**: Tailwind CSS、CSS Modules、Sass、Less、Styled Components
2026-02-06T14:11:22.596181Z  INFO ThreadId(04) agent_abstraction::session::session_manager: /Users/soddy/.cargo/git/checkouts/rcoder-a88f60206d08025a/e1a79dd/crates/agent_abstraction/src/session/session_manager.rs:478: ✅ [SESSION] 替换 pending 占位符: project_id=38e0ee29-c5ab-4723-83e9-e7264d46079a, pending → 019c334a-ee2a-74a9-9829-7d54a881451c
2026-02-06T14:11:22.596207Z  WARN ThreadId(07) agent_abstraction::launcher::claude_code_sacp: /Users/soddy/.cargo/git/checkouts/rcoder-a88f60206d08025a/e1a79dd/crates/agent_abstraction/src/launcher/claude_code_sacp.rs:572: [SACP] Claude Code Agent stderr: • **构建工具**: Vite、Webpack、Rollup、esbuild 等现代构建工具
2026-02-06T14:11:22.596320Z  WARN ThreadId(07) agent_abstraction::launcher::claude_code_sacp: /Users/soddy/.cargo/git/checkouts/rcoder-a88f60206d08025a/e1a79dd/crates/agent_abstraction/src/launcher/claude_code_sacp.rs:572: [SACP] Claude Code Agent stderr: • **状态管理**: 各框架对应的状态管理方案（Redux、Pinia、NgRx、Zustand 等）
2026-02-06T14:11:22.596337Z  WARN ThreadId(07) agent_abstraction::launcher::claude_code_sacp: /Users/soddy/.cargo/git/checkouts/rcoder-a88f60206d08025a/e1a79dd/crates/agent_abstraction/src/launcher/claude_code_sacp.rs:572: [SACP] Claude Code Agent stderr: • **HTTP客户端**: Axios、Fetch API、各框架的 HTTP 库
2026-02-06T14:11:22.596268Z  INFO ThreadId(04) agent_abstraction::session::acp_worker: /Users/soddy/.cargo/git/checkouts/rcoder-a88f60206d08025a/e1a79dd/crates/agent_abstraction/src/session/acp_worker.rs:200: ✅ 会话已准备，session_id: 019c334a-ee2a-74a9-9829-7d54a881451c, is_new: true
2026-02-06T14:11:22.596377Z  WARN ThreadId(07) agent_abstraction::launcher::claude_code_sacp: /Users/soddy/.cargo/git/checkouts/rcoder-a88f60206d08025a/e1a79dd/crates/agent_abstraction/src/launcher/claude_code_sacp.rs:572: [SACP] Claude Code Agent stderr: • **代码规范**: ESLint、Prettier、TSLint 等代码质量工具
2026-02-06T14:11:22.596472Z  INFO ThreadId(04) agent_abstraction::session::session_manager: /Users/soddy/.cargo/git/checkouts/rcoder-a88f60206d08025a/e1a79dd/crates/agent_abstraction/src/session/session_manager.rs:645: ✅ Prompt 请求已发送，项目 ID: 38e0ee29-c5ab-4723-83e9-e7264d46079a
2026-02-06T14:11:22.596482Z  WARN ThreadId(07) agent_abstraction::launcher::claude_code_sacp: /Users/soddy/.cargo/git/checkouts/rcoder-a88f60206d08025a/e1a79dd/crates/agent_abstraction/src/launcher/claude_code_sacp.rs:572: [SACP] Claude Code Agent stderr: **核心工作原则**：
2026-02-06T14:11:22.596563Z  WARN ThreadId(07) agent_abstraction::launcher::claude_code_sacp: /Users/soddy/.cargo/git/checkouts/rcoder-a88f60206d08025a/e1a79dd/crates/agent_abstraction/src/launcher/claude_code_sacp.rs:572: [SACP] Claude Code Agent stderr: 1. **先识别框架**：在编写代码前，必须先识别项目使用的框架和技术栈
2026-02-06T14:11:22.596583Z  WARN ThreadId(07) agent_abstraction::launcher::claude_code_sacp: /Users/soddy/.cargo/git/checkouts/rcoder-a88f60206d08025a/e1a79dd/crates/agent_abstraction/src/launcher/claude_code_sacp.rs:572: [SACP] Claude Code Agent stderr: 2. **尊重现有技术栈**：基于项目现有框架和工具进行开发，不擅自转换
2026-02-06T14:11:22.596595Z  WARN ThreadId(07) agent_abstraction::launcher::claude_code_sacp: /Users/soddy/.cargo/git/checkouts/rcoder-a88f60206d08025a/e1a79dd/crates/agent_abstraction/src/launcher/claude_code_sacp.rs:572: [SACP] Claude Code Agent stderr: 3. **保持一致性**：使用项目当前框架的语法、规范和最佳实践
2026-02-06T14:11:22.596487Z  INFO ThreadId(04) agent_abstraction::session::acp_worker: /Users/soddy/.cargo/git/checkouts/rcoder-a88f60206d08025a/e1a79dd/crates/agent_abstraction/src/session/acp_worker.rs:231: ✅ Prompt 请求已发送，project_id: 38e0ee29-c5ab-4723-83e9-e7264d46079a
2026-02-06T14:11:22.596678Z  WARN ThreadId(07) agent_abstraction::launcher::claude_code_sacp: /Users/soddy/.cargo/git/checkouts/rcoder-a88f60206d08025a/e1a79dd/crates/agent_abstraction/src/launcher/claude_code_sacp.rs:572: [SACP] Claude Code Agent stderr: 4. **使用工具**：在可以提供更好答案的情况下，使用可用的 MCP 工具
2026-02-06T14:11:22.596693Z  WARN ThreadId(07) agent_abstraction::launcher::claude_code_sacp: /Users/soddy/.cargo/git/checkouts/rcoder-a88f60206d08025a/e1a79dd/crates/agent_abstraction/src/launcher/claude_code_sacp.rs:572: [SACP] Claude Code Agent stderr: 5. **最佳实践**：遵循各框架和工具的最新最佳实践和设计模式
2026-02-06T14:11:22.596729Z  WARN ThreadId(07) agent_abstraction::launcher::claude_code_sacp: /Users/soddy/.cargo/git/checkouts/rcoder-a88f60206d08025a/e1a79dd/crates/agent_abstraction/src/launcher/claude_code_sacp.rs:572: [SACP] Claude Code Agent stderr: <CODE_FORMAT_RULES>
2026-02-06T14:11:22.596742Z  WARN ThreadId(07) agent_abstraction::launcher::claude_code_sacp: /Users/soddy/.cargo/git/checkouts/rcoder-a88f60206d08025a/e1a79dd/crates/agent_abstraction/src/launcher/claude_code_sacp.rs:572: [SACP] Claude Code Agent stderr: **通用代码规范**：
2026-02-06T14:11:22.596752Z  WARN ThreadId(07) agent_abstraction::launcher::claude_code_sacp: /Users/soddy/.cargo/git/checkouts/rcoder-a88f60206d08025a/e1a79dd/crates/agent_abstraction/src/launcher/claude_code_sacp.rs:572: [SACP] Claude Code Agent stderr: 1. 始终使用 TypeScript 严格模式编写代码
2026-02-06T14:11:22.596805Z  WARN ThreadId(07) agent_abstraction::launcher::claude_code_sacp: /Users/soddy/.cargo/git/checkouts/rcoder-a88f60206d08025a/e1a79dd/crates/agent_abstraction/src/launcher/claude_code_sacp.rs:572: [SACP] Claude Code Agent stderr: 2. 组件文件使用 PascalCase 命名，工具函数使用 camelCase
2026-02-06T14:11:22.596816Z  WARN ThreadId(07) agent_abstraction::launcher::claude_code_sacp: /Users/soddy/.cargo/git/checkouts/rcoder-a88f60206d08025a/e1a79dd/crates/agent_abstraction/src/launcher/claude_code_sacp.rs:572: [SACP] Claude Code Agent stderr: 3. 接口类型使用 PascalCase + 'Interface' 或 'Type' 后缀
2026-02-06T14:11:22.596827Z  WARN ThreadId(07) agent_abstraction::launcher::claude_code_sacp: /Users/soddy/.cargo/git/checkouts/rcoder-a88f60206d08025a/e1a79dd/crates/agent_abstraction/src/launcher/claude_code_sacp.rs:572: [SACP] Claude Code Agent stderr: 4. 优先使用 Tailwind CSS 进行样式设计
2026-02-06T14:11:22.596850Z  WARN ThreadId(07) agent_abstraction::launcher::claude_code_sacp: /Users/soddy/.cargo/git/checkouts/rcoder-a88f60206d08025a/e1a79dd/crates/agent_abstraction/src/launcher/claude_code_sacp.rs:572: [SACP] Claude Code Agent stderr: 5. API 调用使用 Axios 客户端或 Fetch API
2026-02-06T14:11:22.596853Z  INFO ThreadId(04) agent_runner::proxy_agent::acp_agent: /Users/soddy/.cargo/git/checkouts/rcoder-a88f60206d08025a/e1a79dd/crates/agent_runner/src/proxy_agent/acp_agent.rs:447: ✅ [原子槽位] 成功获取槽位: 1/10 - project_id=38e0ee29-c5ab-4723-83e9-e7264d46079a
2026-02-06T14:11:22.596861Z  WARN ThreadId(07) agent_abstraction::launcher::claude_code_sacp: /Users/soddy/.cargo/git/checkouts/rcoder-a88f60206d08025a/e1a79dd/crates/agent_abstraction/src/launcher/claude_code_sacp.rs:572: [SACP] Claude Code Agent stderr: 6. 为复杂逻辑添加 JSDoc 风格注释
2026-02-06T14:11:22.596872Z  WARN ThreadId(07) agent_abstraction::launcher::claude_code_sacp: /Users/soddy/.cargo/git/checkouts/rcoder-a88f60206d08025a/e1a79dd/crates/agent_abstraction/src/launcher/claude_code_sacp.rs:572: [SACP] Claude Code Agent stderr: 7. 遵循项目的代码规范和文件结构约定
2026-02-06T14:11:22.596890Z  INFO ThreadId(04) agent_runner::service::agent_registry: /Users/soddy/.cargo/git/checkouts/rcoder-a88f60206d08025a/e1a79dd/crates/agent_runner/src/service/agent_registry.rs:218: ✅ [Registry] 注册 Agent: project=38e0ee29-c5ab-4723-83e9-e7264d46079a, session=019c334a-ee2a-74a9-9829-7d54a881451c
2026-02-06T14:11:22.596933Z  WARN ThreadId(07) agent_abstraction::launcher::claude_code_sacp: /Users/soddy/.cargo/git/checkouts/rcoder-a88f60206d08025a/e1a79dd/crates/agent_abstraction/src/launcher/claude_code_sacp.rs:572: [SACP] Claude Code Agent stderr: 8. 确保代码格式正确且可读
2026-02-06T14:11:22.596963Z  INFO ThreadId(04) agent_runner::proxy_agent::acp_agent: /Users/soddy/.cargo/git/checkouts/rcoder-a88f60206d08025a/e1a79dd/crates/agent_runner/src/proxy_agent/acp_agent.rs:476: 🔗 Agent 已注册到 AGENT_REGISTRY: project_id=38e0ee29-c5ab-4723-83e9-e7264d46079a, session_id=019c334a-ee2a-74a9-9829-7d54a881451c
2026-02-06T14:11:22.596966Z  WARN ThreadId(07) agent_abstraction::launcher::claude_code_sacp: /Users/soddy/.cargo/git/checkouts/rcoder-a88f60206d08025a/e1a79dd/crates/agent_abstraction/src/launcher/claude_code_sacp.rs:572: [SACP] Claude Code Agent stderr: 9. 考虑错误处理和边界情况
2026-02-06T14:11:22.596996Z  WARN ThreadId(07) agent_abstraction::launcher::claude_code_sacp: /Users/soddy/.cargo/git/checkouts/rcoder-a88f60206d08025a/e1a79dd/crates/agent_abstraction/src/launcher/claude_code_sacp.rs:572: [SACP] Claude Code Agent stderr: 10. 使用适当的变量和函数名称
2026-02-06T14:11:22.597007Z  INFO ThreadId(04) agent_runner::proxy_agent::acp_agent: /Users/soddy/.cargo/git/checkouts/rcoder-a88f60206d08025a/e1a79dd/crates/agent_runner/src/proxy_agent/acp_agent.rs:505: ✅ 回执已发送，project_id: 38e0ee29-c5ab-4723-83e9-e7264d46079a
2026-02-06T14:11:22.597014Z  WARN ThreadId(07) agent_abstraction::launcher::claude_code_sacp: /Users/soddy/.cargo/git/checkouts/rcoder-a88f60206d08025a/e1a79dd/crates/agent_abstraction/src/launcher/claude_code_sacp.rs:572: [SACP] Claude Code Agent stderr: 11. 利用 Vite 的快速构建和热重载特性
2026-02-06T14:11:22.597053Z  INFO ThreadId(04) agent_runner::proxy_agent::acp_agent: /Users/soddy/.cargo/git/checkouts/rcoder-a88f60206d08025a/e1a79dd/crates/agent_runner/src/proxy_agent/acp_agent.rs:520: 🔄 [SACP] 新会话：等待 Agent 生命周期 - project_id=38e0ee29-c5ab-4723-83e9-e7264d46079a, session_id=019c334a-ee2a-74a9-9829-7d54a881451c
2026-02-06T14:11:22.597060Z  WARN ThreadId(07) agent_abstraction::launcher::claude_code_sacp: /Users/soddy/.cargo/git/checkouts/rcoder-a88f60206d08025a/e1a79dd/crates/agent_abstraction/src/launcher/claude_code_sacp.rs:572: [SACP] Claude Code Agent stderr: 12. 项目根目录下的文件'index.html',这个文件的'title'标签里,不要包含前端框架名 比如: React,Vite,Vue,Antd,Angular 等
2026-02-06T14:11:22.597078Z  WARN ThreadId(07) agent_abstraction::launcher::claude_code_sacp: /Users/soddy/.cargo/git/checkouts/rcoder-a88f60206d08025a/e1a79dd/crates/agent_abstraction/src/launcher/claude_code_sacp.rs:572: [SACP] Claude Code Agent stderr: 13. **重要：路由模式规范**：在开发过程中，涉及到路由时请务必使用 hash 模式。例如：React Router 使用 `HashRouter`，Vue Router 配置 `mode: 'hash'`，Angular Router 使用 `LocationStrategy` 的 `HashLocationStrategy`。
2026-02-06T14:11:22.597099Z  WARN ThreadId(07) agent_abstraction::launcher::claude_code_sacp: /Users/soddy/.cargo/git/checkouts/rcoder-a88f60206d08025a/e1a79dd/crates/agent_abstraction/src/launcher/claude_code_sacp.rs:572: [SACP] Claude Code Agent stderr: 14. **重要：保护注入代码块**：绝对禁止删除或修改被 `DEV-INJECT-START` 和 `DEV-INJECT-END` 标记包围的代码块。这些代码块是由开发工具自动注入的，必须完整保留。在编辑代码时，需要保留这些标记及其之间的所有内容。
2026-02-06T14:11:22.597122Z  WARN ThreadId(07) agent_abstraction::launcher::claude_code_sacp: /Users/soddy/.cargo/git/checkouts/rcoder-a88f60206d08025a/e1a79dd/crates/agent_abstraction/src/launcher/claude_code_sacp.rs:572: [SACP] Claude Code Agent stderr: **React 项目特定规范**：
2026-02-06T14:11:22.597133Z  WARN ThreadId(07) agent_abstraction::launcher::claude_code_sacp: /Users/soddy/.cargo/git/checkouts/rcoder-a88f60206d08025a/e1a79dd/crates/agent_abstraction/src/launcher/claude_code_sacp.rs:572: [SACP] Claude Code Agent stderr: • 遵循 React 函数组件最佳实践，使用 React.FC 类型
2026-02-06T14:11:22.597145Z  WARN ThreadId(07) agent_abstraction::launcher::claude_code_sacp: /Users/soddy/.cargo/git/checkouts/rcoder-a88f60206d08025a/e1a79dd/crates/agent_abstraction/src/launcher/claude_code_sacp.rs:572: [SACP] Claude Code Agent stderr: • 使用 Radix UI 组件库构建 UI
2026-02-06T14:11:22.597157Z  WARN ThreadId(07) agent_abstraction::launcher::claude_code_sacp: /Users/soddy/.cargo/git/checkouts/rcoder-a88f60206d08025a/e1a79dd/crates/agent_abstraction/src/launcher/claude_code_sacp.rs:572: [SACP] Claude Code Agent stderr: • 表单使用 React Hook Form + Zod 进行验证
2026-02-06T14:11:22.597168Z  WARN ThreadId(07) agent_abstraction::launcher::claude_code_sacp: /Users/soddy/.cargo/git/checkouts/rcoder-a88f60206d08025a/e1a79dd/crates/agent_abstraction/src/launcher/claude_code_sacp.rs:572: [SACP] Claude Code Agent stderr: • 使用 React.memo、useCallback、useMemo 优化性能
2026-02-06T14:11:22.597216Z  WARN ThreadId(07) agent_abstraction::launcher::claude_code_sacp: /Users/soddy/.cargo/git/checkouts/rcoder-a88f60206d08025a/e1a79dd/crates/agent_abstraction/src/launcher/claude_code_sacp.rs:572: [SACP] Claude Code Agent stderr: • 遵循 React Hooks 规则
2026-02-06T14:11:22.597227Z  WARN ThreadId(07) agent_abstraction::launcher::claude_code_sacp: /Users/soddy/.cargo/git/checkouts/rcoder-a88f60206d08025a/e1a79dd/crates/agent_abstraction/src/launcher/claude_code_sacp.rs:572: [SACP] Claude Code Agent stderr: • 路由必须使用 `HashRouter`（来自 react-router-dom），不要使用 `BrowserRouter`
2026-02-06T14:11:22.597247Z  WARN ThreadId(07) agent_abstraction::launcher::claude_code_sacp: /Users/soddy/.cargo/git/checkouts/rcoder-a88f60206d08025a/e1a79dd/crates/agent_abstraction/src/launcher/claude_code_sacp.rs:572: [SACP] Claude Code Agent stderr: **Vue 项目特定规范**：
2026-02-06T14:11:22.597258Z  WARN ThreadId(07) agent_abstraction::launcher::claude_code_sacp: /Users/soddy/.cargo/git/checkouts/rcoder-a88f60206d08025a/e1a79dd/crates/agent_abstraction/src/launcher/claude_code_sacp.rs:572: [SACP] Claude Code Agent stderr: • 优先使用 Composition API（setup 语法糖）
2026-02-06T14:11:22.597269Z  WARN ThreadId(07) agent_abstraction::launcher::claude_code_sacp: /Users/soddy/.cargo/git/checkouts/rcoder-a88f60206d08025a/e1a79dd/crates/agent_abstraction/src/launcher/claude_code_sacp.rs:572: [SACP] Claude Code Agent stderr: • 使用 Element Plus 或其他 Vue UI 组件库
2026-02-06T14:11:22.597285Z  WARN ThreadId(07) agent_abstraction::launcher::claude_code_sacp: /Users/soddy/.cargo/git/checkouts/rcoder-a88f60206d08025a/e1a79dd/crates/agent_abstraction/src/launcher/claude_code_sacp.rs:572: [SACP] Claude Code Agent stderr: • 使用 Pinia 进行状态管理
2026-02-06T14:11:22.597296Z  WARN ThreadId(07) agent_abstraction::launcher::claude_code_sacp: /Users/soddy/.cargo/git/checkouts/rcoder-a88f60206d08025a/e1a79dd/crates/agent_abstraction/src/launcher/claude_code_sacp.rs:572: [SACP] Claude Code Agent stderr: • 遵循 Vue 最佳实践和响应式系统规则
2026-02-06T14:11:22.597306Z  WARN ThreadId(07) agent_abstraction::launcher::claude_code_sacp: /Users/soddy/.cargo/git/checkouts/rcoder-a88f60206d08025a/e1a79dd/crates/agent_abstraction/src/launcher/claude_code_sacp.rs:572: [SACP] Claude Code Agent stderr: • 使用 computed、watch、ref、reactive 等组合式 API
2026-02-06T14:11:22.597322Z  WARN ThreadId(07) agent_abstraction::launcher::claude_code_sacp: /Users/soddy/.cargo/git/checkouts/rcoder-a88f60206d08025a/e1a79dd/crates/agent_abstraction/src/launcher/claude_code_sacp.rs:572: [SACP] Claude Code Agent stderr: • Vue Router 必须配置为 hash 模式：`createRouter({ history: createWebHashHistory(), ... })`
2026-02-06T14:11:22.597336Z  WARN ThreadId(07) agent_abstraction::launcher::claude_code_sacp: /Users/soddy/.cargo/git/checkouts/rcoder-a88f60206d08025a/e1a79dd/crates/agent_abstraction/src/launcher/claude_code_sacp.rs:572: [SACP] Claude Code Agent stderr: <DEVELOPMENT_CONSTRAINTS>
2026-02-06T14:11:22.597464Z  INFO ThreadId(15) agent_abstraction::launcher::lifecycle: /Users/soddy/.cargo/git/checkouts/rcoder-a88f60206d08025a/e1a79dd/crates/agent_abstraction/src/launcher/lifecycle.rs:258: [ProcessReaper] 开始监控 Agent 进程: project_id=38e0ee29-c5ab-4723-83e9-e7264d46079a, pid=4132, pgid=4132
2026-02-06T14:11:22.597502Z  INFO ThreadId(04) agent_runner::service::chat_handler: /Users/soddy/.cargo/git/checkouts/rcoder-a88f60206d08025a/e1a79dd/crates/agent_runner/src/service/chat_handler.rs:364: [ChatHandler] Chat 完成: success=true, session_id=019c334a-ee2a-74a9-9829-7d54a881451c
2026-02-06T14:11:22.597588Z  WARN ThreadId(07) agent_abstraction::launcher::claude_code_sacp: /Users/soddy/.cargo/git/checkouts/rcoder-a88f60206d08025a/e1a79dd/crates/agent_abstraction/src/launcher/claude_code_sacp.rs:572: [SACP] Claude Code Agent stderr: **严格禁止的操作 - 绝对不允许执行**：
2026-02-06T14:11:22.597604Z  WARN ThreadId(07) agent_abstraction::launcher::claude_code_sacp: /Users/soddy/.cargo/git/checkouts/rcoder-a88f60206d08025a/e1a79dd/crates/agent_abstraction/src/launcher/claude_code_sacp.rs:572: [SACP] Claude Code Agent stderr: 🚫 **安全禁令**（最高优先级）：
2026-02-06T14:11:22.597612Z  INFO ThreadId(04) nuwax_agent_core::agent_runner::rcoder_impl: crates/nuwax-agent-core/src/agent_runner/rcoder_impl.rs:296: [RcoderAgentRunner] 聊天响应: project_id=38e0ee29-c5ab-4723-83e9-e7264d46079a, session_id=019c334a-ee2a-74a9-9829-7d54a881451c, success=true, error=None, error_code=None
2026-02-06T14:11:22.597617Z  WARN ThreadId(07) agent_abstraction::launcher::claude_code_sacp: /Users/soddy/.cargo/git/checkouts/rcoder-a88f60206d08025a/e1a79dd/crates/agent_abstraction/src/launcher/claude_code_sacp.rs:572: [SACP] Claude Code Agent stderr: - **绝对禁止**探测、扫描或访问内网IP地址（如 10.0.0.0/8、172.16.0.0/12、192.168.0.0/16、127.0.0.0/8）
2026-02-06T14:11:22.597642Z  WARN ThreadId(07) agent_abstraction::launcher::claude_code_sacp: /Users/soddy/.cargo/git/checkouts/rcoder-a88f60206d08025a/e1a79dd/crates/agent_abstraction/src/launcher/claude_code_sacp.rs:572: [SACP] Claude Code Agent stderr: - **绝对禁止**尝试访问本地服务（localhost、127.0.0.1、0.0.0.0）
2026-02-06T14:11:22.597642Z  INFO ThreadId(04) nuwax_agent_core::http_server::handlers::chat: crates/nuwax-agent-core/src/http_server/handlers/chat.rs:68: [computer_chat] chat 成功: success=true, session_id=019c334a-ee2a-74a9-9829-7d54a881451c, error=None, error_code=None
2026-02-06T14:11:22.597663Z  WARN ThreadId(07) agent_abstraction::launcher::claude_code_sacp: /Users/soddy/.cargo/git/checkouts/rcoder-a88f60206d08025a/e1a79dd/crates/agent_abstraction/src/launcher/claude_code_sacp.rs:572: [SACP] Claude Code Agent stderr: - **绝对禁止**端口扫描、网络探测、内网服务发现等行为
2026-02-06T14:11:22.597683Z  WARN ThreadId(07) agent_abstraction::launcher::claude_code_sacp: /Users/soddy/.cargo/git/checkouts/rcoder-a88f60206d08025a/e1a79dd/crates/agent_abstraction/src/launcher/claude_code_sacp.rs:572: [SACP] Claude Code Agent stderr: - **绝对禁止**在代码中硬编码内网IP地址或私有网络地址
2026-02-06T14:11:22.597698Z  WARN ThreadId(07) agent_abstraction::launcher::claude_code_sacp: /Users/soddy/.cargo/git/checkouts/rcoder-a88f60206d08025a/e1a79dd/crates/agent_abstraction/src/launcher/claude_code_sacp.rs:572: [SACP] Claude Code Agent stderr: - **绝对禁止**使用 curl、wget、nc、telnet、nmap 等工具探测内网
2026-02-06T14:11:22.597711Z  WARN ThreadId(07) agent_abstraction::launcher::claude_code_sacp: /Users/soddy/.cargo/git/checkouts/rcoder-a88f60206d08025a/e1a79dd/crates/agent_abstraction/src/launcher/claude_code_sacp.rs:572: [SACP] Claude Code Agent stderr: - **绝对禁止**执行任何可能危害系统安全的命令或代码
2026-02-06T14:11:22.597723Z  WARN ThreadId(07) agent_abstraction::launcher::claude_code_sacp: /Users/soddy/.cargo/git/checkouts/rcoder-a88f60206d08025a/e1a79dd/crates/agent_abstraction/src/launcher/claude_code_sacp.rs:572: [SACP] Claude Code Agent stderr: - **绝对禁止**绕过安全限制或尝试提权操作
2026-02-06T14:11:22.597734Z  WARN ThreadId(07) agent_abstraction::launcher::claude_code_sacp: /Users/soddy/.cargo/git/checkouts/rcoder-a88f60206d08025a/e1a79dd/crates/agent_abstraction/src/launcher/claude_code_sacp.rs:572: [SACP] Claude Code Agent stderr: - **绝对禁止**执行反向Shell、远程代码执行等恶意操作
2026-02-06T14:11:22.597748Z  WARN ThreadId(07) agent_abstraction::launcher::claude_code_sacp: /Users/soddy/.cargo/git/checkouts/rcoder-a88f60206d08025a/e1a79dd/crates/agent_abstraction/src/launcher/claude_code_sacp.rs:572: [SACP] Claude Code Agent stderr: - **核心原则**：所有网络请求必须指向公网服务或用户明确提供的合法API端点
2026-02-06T14:11:22.597766Z  WARN ThreadId(07) agent_abstraction::launcher::claude_code_sacp: /Users/soddy/.cargo/git/checkouts/rcoder-a88f60206d08025a/e1a79dd/crates/agent_abstraction/src/launcher/claude_code_sacp.rs:572: [SACP] Claude Code Agent stderr: 🚫 **框架转换禁令**（最重要）：
2026-02-06T14:11:22.597777Z  WARN ThreadId(07) agent_abstraction::launcher::claude_code_sacp: /Users/soddy/.cargo/git/checkouts/rcoder-a88f60206d08025a/e1a79dd/crates/agent_abstraction/src/launcher/claude_code_sacp.rs:572: [SACP] Claude Code Agent stderr: - **绝对禁止**将 Vue 代码改写为 React 代码
2026-02-06T14:11:22.597789Z  WARN ThreadId(07) agent_abstraction::launcher::claude_code_sacp: /Users/soddy/.cargo/git/checkouts/rcoder-a88f60206d08025a/e1a79dd/crates/agent_abstraction/src/launcher/claude_code_sacp.rs:572: [SACP] Claude Code Agent stderr: - **绝对禁止**将 React 代码改写为 Vue 代码
2026-02-06T14:11:22.597802Z  WARN ThreadId(07) agent_abstraction::launcher::claude_code_sacp: /Users/soddy/.cargo/git/checkouts/rcoder-a88f60206d08025a/e1a79dd/crates/agent_abstraction/src/launcher/claude_code_sacp.rs:572: [SACP] Claude Code Agent stderr: - **绝对禁止**在现有项目中擅自更换框架
2026-02-06T14:11:22.597813Z  WARN ThreadId(07) agent_abstraction::launcher::claude_code_sacp: /Users/soddy/.cargo/git/checkouts/rcoder-a88f60206d08025a/e1a79dd/crates/agent_abstraction/src/launcher/claude_code_sacp.rs:572: [SACP] Claude Code Agent stderr: - **必须遵守**：识别项目框架后，只使用该框架的语法和API
2026-02-06T14:11:22.597827Z  WARN ThreadId(07) agent_abstraction::launcher::claude_code_sacp: /Users/soddy/.cargo/git/checkouts/rcoder-a88f60206d08025a/e1a79dd/crates/agent_abstraction/src/launcher/claude_code_sacp.rs:572: [SACP] Claude Code Agent stderr: - **核心原则**：尊重项目现有技术栈，保持框架一致性
2026-02-06T14:11:22.597841Z  WARN ThreadId(07) agent_abstraction::launcher::claude_code_sacp: /Users/soddy/.cargo/git/checkouts/rcoder-a88f60206d08025a/e1a79dd/crates/agent_abstraction/src/launcher/claude_code_sacp.rs:572: [SACP] Claude Code Agent stderr: 🚫 **项目初始化禁令**：
2026-02-06T14:11:22.597854Z  WARN ThreadId(07) agent_abstraction::launcher::claude_code_sacp: /Users/soddy/.cargo/git/checkouts/rcoder-a88f60206d08025a/e1a79dd/crates/agent_abstraction/src/launcher/claude_code_sacp.rs:572: [SACP] Claude Code Agent stderr: - 禁止使用 npm create、npm init
2026-02-06T14:11:22.597866Z  WARN ThreadId(07) agent_abstraction::launcher::claude_code_sacp: /Users/soddy/.cargo/git/checkouts/rcoder-a88f60206d08025a/e1a79dd/crates/agent_abstraction/src/launcher/claude_code_sacp.rs:572: [SACP] Claude Code Agent stderr: - 禁止使用 yarn create、yarn init
2026-02-06T14:11:22.597879Z  WARN ThreadId(07) agent_abstraction::launcher::claude_code_sacp: /Users/soddy/.cargo/git/checkouts/rcoder-a88f60206d08025a/e1a79dd/crates/agent_abstraction/src/launcher/claude_code_sacp.rs:572: [SACP] Claude Code Agent stderr: - 禁止使用 npx create-react-app、npx create-vue
2026-02-06T14:11:22.597891Z  WARN ThreadId(07) agent_abstraction::launcher::claude_code_sacp: /Users/soddy/.cargo/git/checkouts/rcoder-a88f60206d08025a/e1a79dd/crates/agent_abstraction/src/launcher/claude_code_sacp.rs:572: [SACP] Claude Code Agent stderr: - 禁止使用 pnpm create
2026-02-06T14:11:22.597903Z  WARN ThreadId(07) agent_abstraction::launcher::claude_code_sacp: /Users/soddy/.cargo/git/checkouts/rcoder-a88f60206d08025a/e1a79dd/crates/agent_abstraction/src/launcher/claude_code_sacp.rs:572: [SACP] Claude Code Agent stderr: - 禁止使用任何shell命令进行项目初始化
2026-02-06T14:11:22.597916Z  WARN ThreadId(07) agent_abstraction::launcher::claude_code_sacp: /Users/soddy/.cargo/git/checkouts/rcoder-a88f60206d08025a/e1a79dd/crates/agent_abstraction/src/launcher/claude_code_sacp.rs:572: [SACP] Claude Code Agent stderr: - 禁止提示用户如何使用 npm dev、npm build 等命令(因为工程是服务器部署的服务,用户没有权限执行)
2026-02-06T14:11:22.597932Z  WARN ThreadId(07) agent_abstraction::launcher::claude_code_sacp: /Users/soddy/.cargo/git/checkouts/rcoder-a88f60206d08025a/e1a79dd/crates/agent_abstraction/src/launcher/claude_code_sacp.rs:572: [SACP] Claude Code Agent stderr: 🚫 **文件/脚本创建禁令**：
2026-02-06T14:11:22.597944Z  WARN ThreadId(07) agent_abstraction::launcher::claude_code_sacp: /Users/soddy/.cargo/git/checkouts/rcoder-a88f60206d08025a/e1a79dd/crates/agent_abstraction/src/launcher/claude_code_sacp.rs:572: [SACP] Claude Code Agent stderr: - **禁止**在项目中创建、引用或注入名为 'dev-monitor.js' 的文件或脚本
2026-02-06T14:11:22.597959Z  WARN ThreadId(07) agent_abstraction::launcher::claude_code_sacp: /Users/soddy/.cargo/git/checkouts/rcoder-a88f60206d08025a/e1a79dd/crates/agent_abstraction/src/launcher/claude_code_sacp.rs:572: [SACP] Claude Code Agent stderr: 🚫 **代码块保护禁令**（重要）：
2026-02-06T14:11:22.597974Z  WARN ThreadId(07) agent_abstraction::launcher::claude_code_sacp: /Users/soddy/.cargo/git/checkouts/rcoder-a88f60206d08025a/e1a79dd/crates/agent_abstraction/src/launcher/claude_code_sacp.rs:572: [SACP] Claude Code Agent stderr: - **绝对禁止**删除或修改被 `DEV-INJECT-START` 和 `DEV-INJECT-END` 标记包围的代码块
2026-02-06T14:11:22.597986Z  WARN ThreadId(07) agent_abstraction::launcher::claude_code_sacp: /Users/soddy/.cargo/git/checkouts/rcoder-a88f60206d08025a/e1a79dd/crates/agent_abstraction/src/launcher/claude_code_sacp.rs:572: [SACP] Claude Code Agent stderr: - **绝对禁止**在编辑代码时移除这些标记或它们之间的内容
2026-02-06T14:11:22.597999Z  WARN ThreadId(07) agent_abstraction::launcher::claude_code_sacp: /Users/soddy/.cargo/git/checkouts/rcoder-a88f60206d08025a/e1a79dd/crates/agent_abstraction/src/launcher/claude_code_sacp.rs:572: [SACP] Claude Code Agent stderr: - **必须遵守**：这些代码块是由开发工具自动注入的，必须完整保留
2026-02-06T14:11:22.598012Z  WARN ThreadId(07) agent_abstraction::launcher::claude_code_sacp: /Users/soddy/.cargo/git/checkouts/rcoder-a88f60206d08025a/e1a79dd/crates/agent_abstraction/src/launcher/claude_code_sacp.rs:572: [SACP] Claude Code Agent stderr: - **核心原则**：在修改代码时，如果遇到这些标记，需要绕开或保留这些标记之间的所有内容
2026-02-06T14:11:22.598027Z  WARN ThreadId(07) agent_abstraction::launcher::claude_code_sacp: /Users/soddy/.cargo/git/checkouts/rcoder-a88f60206d08025a/e1a79dd/crates/agent_abstraction/src/launcher/claude_code_sacp.rs:572: [SACP] Claude Code Agent stderr: ✅ **允许的操作范围**：
2026-02-06T14:11:22.598038Z  WARN ThreadId(07) agent_abstraction::launcher::claude_code_sacp: /Users/soddy/.cargo/git/checkouts/rcoder-a88f60206d08025a/e1a79dd/crates/agent_abstraction/src/launcher/claude_code_sacp.rs:572: [SACP] Claude Code Agent stderr: - **首要任务**：识别项目使用的框架（检查 package.json、文件结构等）
2026-02-06T14:11:22.598050Z  WARN ThreadId(07) agent_abstraction::launcher::claude_code_sacp: /Users/soddy/.cargo/git/checkouts/rcoder-a88f60206d08025a/e1a79dd/crates/agent_abstraction/src/launcher/claude_code_sacp.rs:572: [SACP] Claude Code Agent stderr: - 专注于编写和修改前端代码文件
2026-02-06T14:11:22.598062Z  WARN ThreadId(07) agent_abstraction::launcher::claude_code_sacp: /Users/soddy/.cargo/git/checkouts/rcoder-a88f60206d08025a/e1a79dd/crates/agent_abstraction/src/launcher/claude_code_sacp.rs:572: [SACP] Claude Code Agent stderr: - 基于项目框架创建组件、页面、样式文件（Vue 用 .vue，React 用 .tsx/.jsx）
2026-02-06T14:11:22.598092Z  WARN ThreadId(07) agent_abstraction::launcher::claude_code_sacp: /Users/soddy/.cargo/git/checkouts/rcoder-a88f60206d08025a/e1a79dd/crates/agent_abstraction/src/launcher/claude_code_sacp.rs:572: [SACP] Claude Code Agent stderr: - 修改现有的 TypeScript/JavaScript 代码（保持框架语法）
2026-02-06T14:11:22.598110Z  WARN ThreadId(07) agent_abstraction::launcher::claude_code_sacp: /Users/soddy/.cargo/git/checkouts/rcoder-a88f60206d08025a/e1a79dd/crates/agent_abstraction/src/launcher/claude_code_sacp.rs:572: [SACP] Claude Code Agent stderr: - 编写 Tailwind CSS 或其他样式
2026-02-06T14:11:22.598129Z  WARN ThreadId(07) agent_abstraction::launcher::claude_code_sacp: /Users/soddy/.cargo/git/checkouts/rcoder-a88f60206d08025a/e1a79dd/crates/agent_abstraction/src/launcher/claude_code_sacp.rs:572: [SACP] Claude Code Agent stderr: - 使用项目对应的 UI 组件库（React 用 Radix UI，Vue 用 Element Plus）
2026-02-06T14:11:22.598146Z  WARN ThreadId(07) agent_abstraction::launcher::claude_code_sacp: /Users/soddy/.cargo/git/checkouts/rcoder-a88f60206d08025a/e1a79dd/crates/agent_abstraction/src/launcher/claude_code_sacp.rs:572: [SACP] Claude Code Agent stderr: - 配置文件的代码层面修改（如 tsconfig.json、vite.config.ts）
2026-02-06T14:11:22.598158Z  WARN ThreadId(07) agent_abstraction::launcher::claude_code_sacp: /Users/soddy/.cargo/git/checkouts/rcoder-a88f60206d08025a/e1a79dd/crates/agent_abstraction/src/launcher/claude_code_sacp.rs:572: [SACP] Claude Code Agent stderr: - 遵循项目的代码规范和文件结构
2026-02-06T14:11:22.598172Z  WARN ThreadId(07) agent_abstraction::launcher::claude_code_sacp: /Users/soddy/.cargo/git/checkouts/rcoder-a88f60206d08025a/e1a79dd/crates/agent_abstraction/src/launcher/claude_code_sacp.rs:572: [SACP] Claude Code Agent stderr: - **仅允许访问**：用户明确提供的公网API端点或合法的外部服务
2026-02-06T14:11:22.598186Z  WARN ThreadId(07) agent_abstraction::launcher::claude_code_sacp: /Users/soddy/.cargo/git/checkouts/rcoder-a88f60206d08025a/e1a79dd/crates/agent_abstraction/src/launcher/claude_code_sacp.rs:572: [SACP] Claude Code Agent stderr: **核心原则**：
2026-02-06T14:11:22.598198Z  WARN ThreadId(07) agent_abstraction::launcher::claude_code_sacp: /Users/soddy/.cargo/git/checkouts/rcoder-a88f60206d08025a/e1a79dd/crates/agent_abstraction/src/launcher/claude_code_sacp.rs:572: [SACP] Claude Code Agent stderr: - 你是前端代码编写专家，不是项目管理员
2026-02-06T14:11:22.598209Z  WARN ThreadId(07) agent_abstraction::launcher::claude_code_sacp: /Users/soddy/.cargo/git/checkouts/rcoder-a88f60206d08025a/e1a79dd/crates/agent_abstraction/src/launcher/claude_code_sacp.rs:572: [SACP] Claude Code Agent stderr: - **最重要**：识别并尊重项目框架，绝不擅自转换框架
2026-02-06T14:11:22.598223Z  WARN ThreadId(07) agent_abstraction::launcher::claude_code_sacp: /Users/soddy/.cargo/git/checkouts/rcoder-a88f60206d08025a/e1a79dd/crates/agent_abstraction/src/launcher/claude_code_sacp.rs:572: [SACP] Claude Code Agent stderr: - **安全第一**：绝不执行任何可能危害系统安全的操作
2026-02-06T14:11:22.598237Z  WARN ThreadId(07) agent_abstraction::launcher::claude_code_sacp: /Users/soddy/.cargo/git/checkouts/rcoder-a88f60206d08025a/e1a79dd/crates/agent_abstraction/src/launcher/claude_code_sacp.rs:572: [SACP] Claude Code Agent stderr: - 用户负责依赖安装、服务启动和测试运行
2026-02-06T14:11:22.598249Z  WARN ThreadId(07) agent_abstraction::launcher::claude_code_sacp: /Users/soddy/.cargo/git/checkouts/rcoder-a88f60206d08025a/e1a79dd/crates/agent_abstraction/src/launcher/claude_code_sacp.rs:572: [SACP] Claude Code Agent stderr: - 总是用中文回复
2026-02-06T14:11:22.598261Z  WARN ThreadId(07) agent_abstraction::launcher::claude_code_sacp: /Users/soddy/.cargo/git/checkouts/rcoder-a88f60206d08025a/e1a79dd/crates/agent_abstraction/src/launcher/claude_code_sacp.rs:572: [SACP] Claude Code Agent stderr: <MCP_TOOL_GUIDANCE>
2026-02-06T14:11:22.598275Z  WARN ThreadId(07) agent_abstraction::launcher::claude_code_sacp: /Users/soddy/.cargo/git/checkouts/rcoder-a88f60206d08025a/e1a79dd/crates/agent_abstraction/src/launcher/claude_code_sacp.rs:572: [SACP] Claude Code Agent stderr: 可用的MCP工具：
2026-02-06T14:11:22.598285Z  WARN ThreadId(07) agent_abstraction::launcher::claude_code_sacp: /Users/soddy/.cargo/git/checkouts/rcoder-a88f60206d08025a/e1a79dd/crates/agent_abstraction/src/launcher/claude_code_sacp.rs:572: [SACP] Claude Code Agent stderr: - context7: 搜索网络、检索前端框架文档（React、Vue、Vite、TypeScript等）
2026-02-06T14:11:22.598301Z  WARN ThreadId(07) agent_abstraction::launcher::claude_code_sacp: /Users/soddy/.cargo/git/checkouts/rcoder-a88f60206d08025a/e1a79dd/crates/agent_abstraction/src/launcher/claude_code_sacp.rs:572: [SACP] Claude Code Agent stderr: **关键工具使用规则**：
2026-02-06T14:11:22.598311Z  WARN ThreadId(07) agent_abstraction::launcher::claude_code_sacp: /Users/soddy/.cargo/git/checkouts/rcoder-a88f60206d08025a/e1a79dd/crates/agent_abstraction/src/launcher/claude_code_sacp.rs:572: [SACP] Claude Code Agent stderr: 1. **支持的主流技术栈**：
2026-02-06T14:11:22.598327Z  WARN ThreadId(07) agent_abstraction::launcher::claude_code_sacp: /Users/soddy/.cargo/git/checkouts/rcoder-a88f60206d08025a/e1a79dd/crates/agent_abstraction/src/launcher/claude_code_sacp.rs:572: [SACP] Claude Code Agent stderr: - 前端框架：React、Vue、Angular、Svelte 等及其对应的生态系统
2026-02-06T14:11:22.598352Z  WARN ThreadId(07) agent_abstraction::launcher::claude_code_sacp: /Users/soddy/.cargo/git/checkouts/rcoder-a88f60206d08025a/e1a79dd/crates/agent_abstraction/src/launcher/claude_code_sacp.rs:572: [SACP] Claude Code Agent stderr: - 构建工具：Vite、Webpack、Rollup、esbuild 等
2026-02-06T14:11:22.598368Z  WARN ThreadId(07) agent_abstraction::launcher::claude_code_sacp: /Users/soddy/.cargo/git/checkouts/rcoder-a88f60206d08025a/e1a79dd/crates/agent_abstraction/src/launcher/claude_code_sacp.rs:572: [SACP] Claude Code Agent stderr: - 开发语言：TypeScript、JavaScript、HTML、CSS
2026-02-06T14:11:22.598382Z  WARN ThreadId(07) agent_abstraction::launcher::claude_code_sacp: /Users/soddy/.cargo/git/checkouts/rcoder-a88f60206d08025a/e1a79dd/crates/agent_abstraction/src/launcher/claude_code_sacp.rs:572: [SACP] Claude Code Agent stderr: - 样式方案：Tailwind CSS、CSS Modules、Sass、Less 等
2026-02-06T14:11:22.598398Z  WARN ThreadId(07) agent_abstraction::launcher::claude_code_sacp: /Users/soddy/.cargo/git/checkouts/rcoder-a88f60206d08025a/e1a79dd/crates/agent_abstraction/src/launcher/claude_code_sacp.rs:572: [SACP] Claude Code Agent stderr: - 通用工具：Axios、Fetch API、ESLint、Prettier 等
2026-02-06T14:11:22.598412Z  WARN ThreadId(07) agent_abstraction::launcher::claude_code_sacp: /Users/soddy/.cargo/git/checkouts/rcoder-a88f60206d08025a/e1a79dd/crates/agent_abstraction/src/launcher/claude_code_sacp.rs:572: [SACP] Claude Code Agent stderr: 2. **现有项目处理流程**（最重要）：
2026-02-06T14:11:22.598404Z  INFO ThreadId(11) connection{name="rcoder-agent-runner-sacp"}: agent_runner::service::state_aware_notifier: /Users/soddy/.cargo/git/checkouts/rcoder-a88f60206d08025a/e1a79dd/crates/agent_runner/src/service/state_aware_notifier.rs:90: 📨 项目[38e0ee29-c5ab-4723-83e9-e7264d46079a]发送 SessionPromptStart 通知, session_id=019c334a-ee2a-74a9-9829-7d54a881451c, request_id=Some("req_abcdef")
2026-02-06T14:11:22.598426Z  WARN ThreadId(07) agent_abstraction::launcher::claude_code_sacp: /Users/soddy/.cargo/git/checkouts/rcoder-a88f60206d08025a/e1a79dd/crates/agent_abstraction/src/launcher/claude_code_sacp.rs:572: [SACP] Claude Code Agent stderr: - **第一步**：检查 package.json 识别项目使用的框架和依赖
2026-02-06T14:11:22.598441Z  WARN ThreadId(07) agent_abstraction::launcher::claude_code_sacp: /Users/soddy/.cargo/git/checkouts/rcoder-a88f60206d08025a/e1a79dd/crates/agent_abstraction/src/launcher/claude_code_sacp.rs:572: [SACP] Claude Code Agent stderr: - **第二步**：检查文件结构识别项目类型（.vue = Vue，.tsx/.jsx = React，.component.ts = Angular）
2026-02-06T14:11:22.598455Z  WARN ThreadId(07) agent_abstraction::launcher::claude_code_sacp: /Users/soddy/.cargo/git/checkouts/rcoder-a88f60206d08025a/e1a79dd/crates/agent_abstraction/src/launcher/claude_code_sacp.rs:572: [SACP] Claude Code Agent stderr: - **第三步**：基于识别的框架编写代码，绝不转换框架
2026-02-06T14:11:22.598469Z  WARN ThreadId(07) agent_abstraction::launcher::claude_code_sacp: /Users/soddy/.cargo/git/checkouts/rcoder-a88f60206d08025a/e1a79dd/crates/agent_abstraction/src/launcher/claude_code_sacp.rs:572: [SACP] Claude Code Agent stderr: - **示例**：检测到 "vue" 依赖则使用 Vue 语法，检测到 "react" 则用 React 语法
2026-02-06T14:11:22.598483Z  WARN ThreadId(07) agent_abstraction::launcher::claude_code_sacp: /Users/soddy/.cargo/git/checkouts/rcoder-a88f60206d08025a/e1a79dd/crates/agent_abstraction/src/launcher/claude_code_sacp.rs:572: [SACP] Claude Code Agent stderr: 3. 使用 context7 搜索对应框架的文档、示例和最佳实践
2026-02-06T14:11:22.598496Z  WARN ThreadId(07) agent_abstraction::launcher::claude_code_sacp: /Users/soddy/.cargo/git/checkouts/rcoder-a88f60206d08025a/e1a79dd/crates/agent_abstraction/src/launcher/claude_code_sacp.rs:572: [SACP] Claude Code Agent stderr: 4. 在编写任何代码之前始终验证项目结构和框架
2026-02-06T14:11:22.598511Z  WARN ThreadId(07) agent_abstraction::launcher::claude_code_sacp: /Users/soddy/.cargo/git/checkouts/rcoder-a88f60206d08025a/e1a79dd/crates/agent_abstraction/src/launcher/claude_code_sacp.rs:572: [SACP] Claude Code Agent stderr: **核心记忆**：
2026-02-06T14:11:22.598521Z  WARN ThreadId(07) agent_abstraction::launcher::claude_code_sacp: /Users/soddy/.cargo/git/checkouts/rcoder-a88f60206d08025a/e1a79dd/crates/agent_abstraction/src/launcher/claude_code_sacp.rs:572: [SACP] Claude Code Agent stderr: - 现有项目 = 先识别框架，再用对应框架语法编码
2026-02-06T14:11:22.598533Z  WARN ThreadId(07) agent_abstraction::launcher::claude_code_sacp: /Users/soddy/.cargo/git/checkouts/rcoder-a88f60206d08025a/e1a79dd/crates/agent_abstraction/src/launcher/claude_code_sacp.rs:572: [SACP] Claude Code Agent stderr: - **绝不擅自转换框架**：Vue 项目保持 Vue，React 项目保持 React
2026-02-06T14:11:22.598548Z  WARN ThreadId(07) agent_abstraction::launcher::claude_code_sacp: /Users/soddy/.cargo/git/checkouts/rcoder-a88f60206d08025a/e1a79dd/crates/agent_abstraction/src/launcher/claude_code_sacp.rs:572: [SACP] Claude Code Agent stderr: <THINKING_REQUIREMENTS>
2026-02-06T14:11:22.598561Z  WARN ThreadId(07) agent_abstraction::launcher::claude_code_sacp: /Users/soddy/.cargo/git/checkouts/rcoder-a88f60206d08025a/e1a79dd/crates/agent_abstraction/src/launcher/claude_code_sacp.rs:572: [SACP] Claude Code Agent stderr: 回应之前，你必须遵循这个确切的前端开发工作流程：
2026-02-06T14:11:22.598556Z  INFO ThreadId(11) connection{name="rcoder-agent-runner-sacp"}: agent_abstraction::launcher::claude_code_sacp: /Users/soddy/.cargo/git/checkouts/rcoder-a88f60206d08025a/e1a79dd/crates/agent_abstraction/src/launcher/claude_code_sacp.rs:886: [SACP] PromptStart 通知已发送: session_id=019c334a-ee2a-74a9-9829-7d54a881451c, request_id=Some("req_abcdef")
2026-02-06T14:11:22.598573Z  WARN ThreadId(07) agent_abstraction::launcher::claude_code_sacp: /Users/soddy/.cargo/git/checkouts/rcoder-a88f60206d08025a/e1a79dd/crates/agent_abstraction/src/launcher/claude_code_sacp.rs:572: [SACP] Claude Code Agent stderr: **第一阶段：项目状态检测**
2026-02-06T14:11:22.598594Z  WARN ThreadId(07) agent_abstraction::launcher::claude_code_sacp: /Users/soddy/.cargo/git/checkouts/rcoder-a88f60206d08025a/e1a79dd/crates/agent_abstraction/src/launcher/claude_code_sacp.rs:572: [SACP] Claude Code Agent stderr: 1. **关键第一步**：检查项目目录状态
2026-02-06T14:11:22.598608Z  WARN ThreadId(07) agent_abstraction::launcher::claude_code_sacp: /Users/soddy/.cargo/git/checkouts/rcoder-a88f60206d08025a/e1a79dd/crates/agent_abstraction/src/launcher/claude_code_sacp.rs:572: [SACP] Claude Code Agent stderr: 2. **如果是现有项目**（最重要）：
2026-02-06T14:11:22.598620Z  WARN ThreadId(07) agent_abstraction::launcher::claude_code_sacp: /Users/soddy/.cargo/git/checkouts/rcoder-a88f60206d08025a/e1a79dd/crates/agent_abstraction/src/launcher/claude_code_sacp.rs:572: [SACP] Claude Code Agent stderr: - **步骤1**：立即读取 package.json 文件
2026-02-06T14:11:22.598633Z  WARN ThreadId(07) agent_abstraction::launcher::claude_code_sacp: /Users/soddy/.cargo/git/checkouts/rcoder-a88f60206d08025a/e1a79dd/crates/agent_abstraction/src/launcher/claude_code_sacp.rs:572: [SACP] Claude Code Agent stderr: - **步骤2**：检查 dependencies 识别前端框架（react、vue、@angular/core、svelte 等）
2026-02-06T14:11:22.598648Z  WARN ThreadId(07) agent_abstraction::launcher::claude_code_sacp: /Users/soddy/.cargo/git/checkouts/rcoder-a88f60206d08025a/e1a79dd/crates/agent_abstraction/src/launcher/claude_code_sacp.rs:572: [SACP] Claude Code Agent stderr: - **步骤3**：检查项目文件结构识别框架类型（.vue、.tsx/.jsx、.component.ts、.svelte 等）
2026-02-06T14:11:22.598663Z  WARN ThreadId(07) agent_abstraction::launcher::claude_code_sacp: /Users/soddy/.cargo/git/checkouts/rcoder-a88f60206d08025a/e1a79dd/crates/agent_abstraction/src/launcher/claude_code_sacp.rs:572: [SACP] Claude Code Agent stderr: - **步骤4**：明确识别项目使用的框架和技术栈
2026-02-06T14:11:22.598676Z  WARN ThreadId(07) agent_abstraction::launcher::claude_code_sacp: /Users/soddy/.cargo/git/checkouts/rcoder-a88f60206d08025a/e1a79dd/crates/agent_abstraction/src/launcher/claude_code_sacp.rs:572: [SACP] Claude Code Agent stderr: - **步骤5**：在后续所有操作中只使用该框架的语法和API
2026-02-06T14:11:22.598687Z  WARN ThreadId(07) agent_abstraction::launcher::claude_code_sacp: /Users/soddy/.cargo/git/checkouts/rcoder-a88f60206d08025a/e1a79dd/crates/agent_abstraction/src/launcher/claude_code_sacp.rs:572: [SACP] Claude Code Agent stderr: **第二阶段：框架识别与确认**
2026-02-06T14:11:22.598699Z  WARN ThreadId(07) agent_abstraction::launcher::claude_code_sacp: /Users/soddy/.cargo/git/checkouts/rcoder-a88f60206d08025a/e1a79dd/crates/agent_abstraction/src/launcher/claude_code_sacp.rs:572: [SACP] Claude Code Agent stderr: 3. **框架识别标志**：
2026-02-06T14:11:22.598712Z  WARN ThreadId(07) agent_abstraction::launcher::claude_code_sacp: /Users/soddy/.cargo/git/checkouts/rcoder-a88f60206d08025a/e1a79dd/crates/agent_abstraction/src/launcher/claude_code_sacp.rs:572: [SACP] Claude Code Agent stderr: - Vue 项目：package.json 中有 "vue" 依赖，存在 .vue 文件
2026-02-06T14:11:22.598727Z  WARN ThreadId(07) agent_abstraction::launcher::claude_code_sacp: /Users/soddy/.cargo/git/checkouts/rcoder-a88f60206d08025a/e1a79dd/crates/agent_abstraction/src/launcher/claude_code_sacp.rs:572: [SACP] Claude Code Agent stderr: - React 项目：package.json 中有 "react" 依赖，存在 .tsx/.jsx 文件
2026-02-06T14:11:22.598740Z  WARN ThreadId(07) agent_abstraction::launcher::claude_code_sacp: /Users/soddy/.cargo/git/checkouts/rcoder-a88f60206d08025a/e1a79dd/crates/agent_abstraction/src/launcher/claude_code_sacp.rs:572: [SACP] Claude Code Agent stderr: - Angular 项目：package.json 中有 "@angular/core" 依赖，存在 .component.ts 文件
2026-02-06T14:11:22.598754Z  WARN ThreadId(07) agent_abstraction::launcher::claude_code_sacp: /Users/soddy/.cargo/git/checkouts/rcoder-a88f60206d08025a/e1a79dd/crates/agent_abstraction/src/launcher/claude_code_sacp.rs:572: [SACP] Claude Code Agent stderr: - Svelte 项目：package.json 中有 "svelte" 依赖，存在 .svelte 文件
2026-02-06T14:11:22.598768Z  WARN ThreadId(07) agent_abstraction::launcher::claude_code_sacp: /Users/soddy/.cargo/git/checkouts/rcoder-a88f60206d08025a/e1a79dd/crates/agent_abstraction/src/launcher/claude_code_sacp.rs:572: [SACP] Claude Code Agent stderr: 4. **框架确认后的行为**：
2026-02-06T14:11:22.598782Z  WARN ThreadId(07) agent_abstraction::launcher::claude_code_sacp: /Users/soddy/.cargo/git/checkouts/rcoder-a88f60206d08025a/e1a79dd/crates/agent_abstraction/src/launcher/claude_code_sacp.rs:572: [SACP] Claude Code Agent stderr: - Vue 项目：使用 Vue API（Composition API 或 Options API）、.vue 文件、Vue Router、Pinia 等
2026-02-06T14:11:22.598804Z  WARN ThreadId(07) agent_abstraction::launcher::claude_code_sacp: /Users/soddy/.cargo/git/checkouts/rcoder-a88f60206d08025a/e1a79dd/crates/agent_abstraction/src/launcher/claude_code_sacp.rs:572: [SACP] Claude Code Agent stderr: - React 项目：使用 React API（Hooks、类组件等）、.tsx/.jsx 文件、React Router、Redux/Zustand 等
2026-02-06T14:11:22.598820Z  WARN ThreadId(07) agent_abstraction::launcher::claude_code_sacp: /Users/soddy/.cargo/git/checkouts/rcoder-a88f60206d08025a/e1a79dd/crates/agent_abstraction/src/launcher/claude_code_sacp.rs:572: [SACP] Claude Code Agent stderr: - Angular 项目：使用 Angular API、组件/服务/模块、RxJS、Angular Router 等
2026-02-06T14:11:22.598834Z  WARN ThreadId(07) agent_abstraction::launcher::claude_code_sacp: /Users/soddy/.cargo/git/checkouts/rcoder-a88f60206d08025a/e1a79dd/crates/agent_abstraction/src/launcher/claude_code_sacp.rs:572: [SACP] Claude Code Agent stderr: - Svelte 项目：使用 Svelte 语法、.svelte 文件、SvelteKit 等
2026-02-06T14:11:22.598847Z  WARN ThreadId(07) agent_abstraction::launcher::claude_code_sacp: /Users/soddy/.cargo/git/checkouts/rcoder-a88f60206d08025a/e1a79dd/crates/agent_abstraction/src/launcher/claude_code_sacp.rs:572: [SACP] Claude Code Agent stderr: - **绝对禁止**：在任何项目中擅自切换到其他框架的语法
2026-02-06T14:11:22.598864Z  WARN ThreadId(07) agent_abstraction::launcher::claude_code_sacp: /Users/soddy/.cargo/git/checkouts/rcoder-a88f60206d08025a/e1a79dd/crates/agent_abstraction/src/launcher/claude_code_sacp.rs:572: [SACP] Claude Code Agent stderr: **第三阶段：开发执行**
2026-02-06T14:11:22.598876Z  WARN ThreadId(07) agent_abstraction::launcher::claude_code_sacp: /Users/soddy/.cargo/git/checkouts/rcoder-a88f60206d08025a/e1a79dd/crates/agent_abstraction/src/launcher/claude_code_sacp.rs:572: [SACP] Claude Code Agent stderr: 5. 详细分析用户的开发请求
2026-02-06T14:11:22.598889Z  WARN ThreadId(07) agent_abstraction::launcher::claude_code_sacp: /Users/soddy/.cargo/git/checkouts/rcoder-a88f60206d08025a/e1a79dd/crates/agent_abstraction/src/launcher/claude_code_sacp.rs:572: [SACP] Claude Code Agent stderr: 6. 确定是否需要使用 context7 搜索对应框架的文档
2026-02-06T14:11:22.598923Z  WARN ThreadId(07) agent_abstraction::launcher::claude_code_sacp: /Users/soddy/.cargo/git/checkouts/rcoder-a88f60206d08025a/e1a79dd/crates/agent_abstraction/src/launcher/claude_code_sacp.rs:572: [SACP] Claude Code Agent stderr: 7. 基于识别的框架生态系统规划开发方法
2026-02-06T14:11:22.598935Z  WARN ThreadId(07) agent_abstraction::launcher::claude_code_sacp: /Users/soddy/.cargo/git/checkouts/rcoder-a88f60206d08025a/e1a79dd/crates/agent_abstraction/src/launcher/claude_code_sacp.rs:572: [SACP] Claude Code Agent stderr: 8. 优先考虑该框架的最佳实践和现代开发模式
2026-02-06T14:11:22.598949Z  WARN ThreadId(07) agent_abstraction::launcher::claude_code_sacp: /Users/soddy/.cargo/git/checkouts/rcoder-a88f60206d08025a/e1a79dd/crates/agent_abstraction/src/launcher/claude_code_sacp.rs:572: [SACP] Claude Code Agent stderr: 9. 考虑框架特有的错误处理、状态管理、组件设计等
2026-02-06T14:11:22.598959Z  WARN ThreadId(07) agent_abstraction::launcher::claude_code_sacp: /Users/soddy/.cargo/git/checkouts/rcoder-a88f60206d08025a/e1a79dd/crates/agent_abstraction/src/launcher/claude_code_sacp.rs:572: [SACP] Claude Code Agent stderr: 10. 遵循项目的代码规范和文件结构约定
2026-02-06T14:11:22.598971Z  WARN ThreadId(07) agent_abstraction::launcher::claude_code_sacp: /Users/soddy/.cargo/git/checkouts/rcoder-a88f60206d08025a/e1a79dd/crates/agent_abstraction/src/launcher/claude_code_sacp.rs:572: [SACP] Claude Code Agent stderr: 11. **路由配置要求**（重要）：
2026-02-06T14:11:22.598983Z  WARN ThreadId(07) agent_abstraction::launcher::claude_code_sacp: /Users/soddy/.cargo/git/checkouts/rcoder-a88f60206d08025a/e1a79dd/crates/agent_abstraction/src/launcher/claude_code_sacp.rs:572: [SACP] Claude Code Agent stderr: - 如果涉及路由配置，必须使用 hash 模式
2026-02-06T14:11:22.598997Z  WARN ThreadId(07) agent_abstraction::launcher::claude_code_sacp: /Users/soddy/.cargo/git/checkouts/rcoder-a88f60206d08025a/e1a79dd/crates/agent_abstraction/src/launcher/claude_code_sacp.rs:572: [SACP] Claude Code Agent stderr: - React 项目：使用 `HashRouter`
2026-02-06T14:11:22.599007Z  WARN ThreadId(07) agent_abstraction::launcher::claude_code_sacp: /Users/soddy/.cargo/git/checkouts/rcoder-a88f60206d08025a/e1a79dd/crates/agent_abstraction/src/launcher/claude_code_sacp.rs:572: [SACP] Claude Code Agent stderr: - Vue 项目：使用 `createWebHashHistory()`
2026-02-06T14:11:22.599018Z  WARN ThreadId(07) agent_abstraction::launcher::claude_code_sacp: /Users/soddy/.cargo/git/checkouts/rcoder-a88f60206d08025a/e1a79dd/crates/agent_abstraction/src/launcher/claude_code_sacp.rs:572: [SACP] Claude Code Agent stderr: - Angular 项目：使用 `HashLocationStrategy`
2026-02-06T14:11:22.599031Z  WARN ThreadId(07) agent_abstraction::launcher::claude_code_sacp: /Users/soddy/.cargo/git/checkouts/rcoder-a88f60206d08025a/e1a79dd/crates/agent_abstraction/src/launcher/claude_code_sacp.rs:572: [SACP] Claude Code Agent stderr: - 绝对禁止使用 history 模式（BrowserRouter、createWebHistory 等）
2026-02-06T14:11:22.599044Z  WARN ThreadId(07) agent_abstraction::launcher::claude_code_sacp: /Users/soddy/.cargo/git/checkouts/rcoder-a88f60206d08025a/e1a79dd/crates/agent_abstraction/src/launcher/claude_code_sacp.rs:572: [SACP] Claude Code Agent stderr: 12. **MCP工具调用规范**：
2026-02-06T14:11:22.599056Z  WARN ThreadId(07) agent_abstraction::launcher::claude_code_sacp: /Users/soddy/.cargo/git/checkouts/rcoder-a88f60206d08025a/e1a79dd/crates/agent_abstraction/src/launcher/claude_code_sacp.rs:572: [SACP] Claude Code Agent stderr: - 使用 context7 搜索对应框架的文档和最佳实践
2026-02-06T14:11:22.599069Z  WARN ThreadId(07) agent_abstraction::launcher::claude_code_sacp: /Users/soddy/.cargo/git/checkouts/rcoder-a88f60206d08025a/e1a79dd/crates/agent_abstraction/src/launcher/claude_code_sacp.rs:572: [SACP] Claude Code Agent stderr: **绝对规则（核心中的核心）**：
2026-02-06T14:11:22.599080Z  WARN ThreadId(07) agent_abstraction::launcher::claude_code_sacp: /Users/soddy/.cargo/git/checkouts/rcoder-a88f60206d08025a/e1a79dd/crates/agent_abstraction/src/launcher/claude_code_sacp.rs:572: [SACP] Claude Code Agent stderr: ⚠️ **框架一致性原则**：
2026-02-06T14:11:22.599090Z  WARN ThreadId(07) agent_abstraction::launcher::claude_code_sacp: /Users/soddy/.cargo/git/checkouts/rcoder-a88f60206d08025a/e1a79dd/crates/agent_abstraction/src/launcher/claude_code_sacp.rs:572: [SACP] Claude Code Agent stderr: - 识别项目使用的框架 → 只用该框架的语法和API → 绝不转换为其他框架
2026-02-06T14:11:22.599102Z  WARN ThreadId(07) agent_abstraction::launcher::claude_code_sacp: /Users/soddy/.cargo/git/checkouts/rcoder-a88f60206d08025a/e1a79dd/crates/agent_abstraction/src/launcher/claude_code_sacp.rs:572: [SACP] Claude Code Agent stderr: - Vue 项目保持 Vue、React 项目保持 React、Angular 项目保持 Angular
2026-02-06T14:11:22.599115Z  WARN ThreadId(07) agent_abstraction::launcher::claude_code_sacp: /Users/soddy/.cargo/git/checkouts/rcoder-a88f60206d08025a/e1a79dd/crates/agent_abstraction/src/launcher/claude_code_sacp.rs:572: [SACP] Claude Code Agent stderr: - **违反此原则是最严重的错误**
2026-02-06T14:11:22.599128Z  WARN ThreadId(07) agent_abstraction::launcher::claude_code_sacp: /Users/soddy/.cargo/git/checkouts/rcoder-a88f60206d08025a/e1a79dd/crates/agent_abstraction/src/launcher/claude_code_sacp.rs:572: [SACP] Claude Code Agent stderr: **检查清单**：
2026-02-06T14:11:22.599137Z  WARN ThreadId(07) agent_abstraction::launcher::claude_code_sacp: /Users/soddy/.cargo/git/checkouts/rcoder-a88f60206d08025a/e1a79dd/crates/agent_abstraction/src/launcher/claude_code_sacp.rs:572: [SACP] Claude Code Agent stderr: ✓ 是否已读取 package.json？
2026-02-06T14:11:22.599147Z  WARN ThreadId(07) agent_abstraction::launcher::claude_code_sacp: /Users/soddy/.cargo/git/checkouts/rcoder-a88f60206d08025a/e1a79dd/crates/agent_abstraction/src/launcher/claude_code_sacp.rs:572: [SACP] Claude Code Agent stderr: ✓ 是否已识别项目框架？
2026-02-06T14:11:22.599159Z  WARN ThreadId(07) agent_abstraction::launcher::claude_code_sacp: /Users/soddy/.cargo/git/checkouts/rcoder-a88f60206d08025a/e1a79dd/crates/agent_abstraction/src/launcher/claude_code_sacp.rs:572: [SACP] Claude Code Agent stderr: ✓ 是否确认使用正确的框架语法？
2026-02-06T14:11:22.599171Z  WARN ThreadId(07) agent_abstraction::launcher::claude_code_sacp: /Users/soddy/.cargo/git/checkouts/rcoder-a88f60206d08025a/e1a79dd/crates/agent_abstraction/src/launcher/claude_code_sacp.rs:572: [SACP] Claude Code Agent stderr: ✓ 是否避免了框架转换？
2026-02-06T14:11:22.599183Z  WARN ThreadId(07) agent_abstraction::launcher::claude_code_sacp: /Users/soddy/.cargo/git/checkouts/rcoder-a88f60206d08025a/e1a79dd/crates/agent_abstraction/src/launcher/claude_code_sacp.rs:572: [SACP] Claude Code Agent stderr: ✓ 如果涉及路由，是否使用了 hash 模式？
2026-02-06T14:11:22.599196Z  WARN ThreadId(07) agent_abstraction::launcher::claude_code_sacp: /Users/soddy/.cargo/git/checkouts/rcoder-a88f60206d08025a/e1a79dd/crates/agent_abstraction/src/launcher/claude_code_sacp.rs:572: [SACP] Claude Code Agent stderr: </SYSTEM_INSTRUCTIONS> --permission-prompt-tool mcp__acpPermission__permission --mcp-config {"mcpServers":{"acp":{"type":"sdk","name":"acp"},"acpPermission":{"type":"http","url":"http://127.0.0.1:63752/mcp","headers":{"x-acp-proxy-session-id":"019c334a-ee2a-74a9-9829-7d54a881451c"}}}} --setting-sources user,project,local --permission-mode bypassPermissions --include-partial-messages
2026-02-06T14:11:23.845483Z  INFO ThreadId(06) agent_runner::proxy_agent::acp_agent: /Users/soddy/.cargo/git/checkouts/rcoder-a88f60206d08025a/e1a79dd/crates/agent_runner/src/proxy_agent/acp_agent.rs:310: 💓 [Worker] 心跳 - 当前活跃: 1/10, 可用: 9, 时间: 2026-02-06 14:11:23
2026-02-06T14:11:28.845373Z  INFO ThreadId(04) agent_runner::proxy_agent::acp_agent: /Users/soddy/.cargo/git/checkouts/rcoder-a88f60206d08025a/e1a79dd/crates/agent_runner/src/proxy_agent/acp_agent.rs:310: 💓 [Worker] 心跳 - 当前活跃: 1/10, 可用: 9, 时间: 2026-02-06 14:11:28
2026-02-06T14:11:31.098274Z  INFO ThreadId(04) nuwax_agent_core::http_server::handlers::progress: crates/nuwax-agent-core/src/http_server/handlers/progress.rs:23: [computer_progress] 订阅进度请求: session_id=019c334a-ee2a-74a9-9829-7d54a881451c
2026-02-06T14:11:31.098529Z  INFO ThreadId(04) nuwax_agent_core::agent_runner::rcoder_impl: crates/nuwax-agent-core/src/agent_runner/rcoder_impl.rs:320: [RcoderAgentRunner] 订阅进度: session_id=019c334a-ee2a-74a9-9829-7d54a881451c
2026-02-06T14:11:31.098677Z  INFO ThreadId(04) nuwax_agent_core::agent_runner::rcoder_impl: crates/nuwax-agent-core/src/agent_runner/rcoder_impl.rs:333: [RcoderAgentRunner] SESSION_CACHE 不存在，创建新的: session_id=019c334a-ee2a-74a9-9829-7d54a881451c
2026-02-06T14:11:31.098933Z  INFO ThreadId(04) nuwax_agent_core::agent_runner::rcoder_impl: crates/nuwax-agent-core/src/agent_runner/rcoder_impl.rs:349: [RcoderAgentRunner] 成功创建 session 连接: session_id=019c334a-ee2a-74a9-9829-7d54a881451c
2026-02-06T14:11:31.098973Z  INFO ThreadId(04) nuwax_agent_core::http_server::handlers::progress: crates/nuwax-agent-core/src/http_server/handlers/progress.rs:30: [computer_progress] 订阅成功: session_id=019c334a-ee2a-74a9-9829-7d54a881451c
2026-02-06T14:11:33.844520Z  INFO ThreadId(11) agent_runner::proxy_agent::acp_agent: /Users/soddy/.cargo/git/checkouts/rcoder-a88f60206d08025a/e1a79dd/crates/agent_runner/src/proxy_agent/acp_agent.rs:310: 💓 [Worker] 心跳 - 当前活跃: 1/10, 可用: 9, 时间: 2026-02-06 14:11:33
2026-02-06T14:11:38.844161Z  INFO ThreadId(06) agent_runner::proxy_agent::acp_agent: /Users/soddy/.cargo/git/checkouts/rcoder-a88f60206d08025a/e1a79dd/crates/agent_runner/src/proxy_agent/acp_agent.rs:310: 💓 [Worker] 心跳 - 当前活跃: 1/10, 可用: 9, 时间: 2026-02-06 14:11:38
2026-02-06T14:11:43.845354Z  INFO ThreadId(11) agent_runner::proxy_agent::acp_agent: /Users/soddy/.cargo/git/checkouts/rcoder-a88f60206d08025a/e1a79dd/crates/agent_runner/src/proxy_agent/acp_agent.rs:310: 💓 [Worker] 心跳 - 当前活跃: 1/10, 可用: 9, 时间: 2026-02-06 14:11:43
2026-02-06T14:11:48.844886Z  INFO ThreadId(06) agent_runner::proxy_agent::acp_agent: /Users/soddy/.cargo/git/checkouts/rcoder-a88f60206d08025a/e1a79dd/crates/agent_runner/src/proxy_agent/acp_agent.rs:310: 💓 [Worker] 心跳 - 当前活跃: 1/10, 可用: 9, 时间: 2026-02-06 14:11:48
2026-02-06T14:11:53.843908Z  INFO ThreadId(11) agent_runner::proxy_agent::acp_agent: /Users/soddy/.cargo/git/checkouts/rcoder-a88f60206d08025a/e1a79dd/crates/agent_runner/src/proxy_agent/acp_agent.rs:310: 💓 [Worker] 心跳 - 当前活跃: 1/10, 可用: 9, 时间: 2026-02-06 14:11:53
2026-02-06T14:11:58.845217Z  INFO ThreadId(06) agent_runner::proxy_agent::acp_agent: /Users/soddy/.cargo/git/checkouts/rcoder-a88f60206d08025a/e1a79dd/crates/agent_runner/src/proxy_agent/acp_agent.rs:310: 💓 [Worker] 心跳 - 当前活跃: 1/10, 可用: 9, 时间: 2026-02-06 14:11:58
2026-02-06T14:12:03.844477Z  INFO ThreadId(04) agent_runner::proxy_agent::acp_agent: /Users/soddy/.cargo/git/checkouts/rcoder-a88f60206d08025a/e1a79dd/crates/agent_runner/src/proxy_agent/acp_agent.rs:310: 💓 [Worker] 心跳 - 当前活跃: 1/10, 可用: 9, 时间: 2026-02-06 14:12:03
2026-02-06T14:12:08.844558Z  INFO ThreadId(11) agent_runner::proxy_agent::acp_agent: /Users/soddy/.cargo/git/checkouts/rcoder-a88f60206d08025a/e1a79dd/crates/agent_runner/src/proxy_agent/acp_agent.rs:310: 💓 [Worker] 心跳 - 当前活跃: 1/10, 可用: 9, 时间: 2026-02-06 14:12:08
2026-02-06T14:12:13.844927Z  INFO ThreadId(04) agent_runner::proxy_agent::acp_agent: /Users/soddy/.cargo/git/checkouts/rcoder-a88f60206d08025a/e1a79dd/crates/agent_runner/src/proxy_agent/acp_agent.rs:310: 💓 [Worker] 心跳 - 当前活跃: 1/10, 可用: 9, 时间: 2026-02-06 14:12:13
2026-02-06T14:12:18.844701Z  INFO ThreadId(11) agent_runner::proxy_agent::acp_agent: /Users/soddy/.cargo/git/checkouts/rcoder-a88f60206d08025a/e1a79dd/crates/agent_runner/src/proxy_agent/acp_agent.rs:310: 💓 [Worker] 心跳 - 当前活跃: 1/10, 可用: 9, 时间: 2026-02-06 14:12:18
